2025-05-30 10:54:15:5415 [[32minfo[39m]: [32mInitializing database connection pool[39m
Ignoring invalid configuration option passed to Connection: acquireTimeout. This is currently a warning, but in future versions of MySQL2, an error will be thrown if you pass an invalid configuration option to a Connection
2025-05-30 10:54:15:5415 [[32minfo[39m]: [32mServer running on port 3000[39m
2025-05-30 10:54:15:5415 [[32minfo[39m]: [32mEnvironment: development[39m
2025-05-30 10:54:16:5416 [[32minfo[39m]: [32mDatabase connection established successfully[39m
2025-05-30 10:54:16:5416 [[32minfo[39m]: [32mDatabase connection pool initialized successfully[39m
2025-05-30 10:56:48:5648 [[32minfo[39m]: [32mInitializing database connection pool[39m
Ignoring invalid configuration option passed to Connection: acquireTimeout. This is currently a warning, but in future versions of MySQL2, an error will be thrown if you pass an invalid configuration option to a Connection
2025-05-30 10:56:48:5648 [[32minfo[39m]: [32mServer running on port 3000[39m
2025-05-30 10:56:48:5648 [[32minfo[39m]: [32mEnvironment: development[39m
2025-05-30 10:56:49:5649 [[32minfo[39m]: [32mDatabase connection established successfully[39m
2025-05-30 10:56:49:5649 [[32minfo[39m]: [32mDatabase connection pool initialized successfully[39m
2025-05-30 11:00:11:011 [[32minfo[39m]: [32mInitializing database connection pool[39m
Ignoring invalid configuration option passed to Connection: acquireTimeout. This is currently a warning, but in future versions of MySQL2, an error will be thrown if you pass an invalid configuration option to a Connection
2025-05-30 11:00:11:011 [[32minfo[39m]: [32mServer running on port 3000[39m
2025-05-30 11:00:11:011 [[32minfo[39m]: [32mEnvironment: development[39m
2025-05-30 11:00:11:011 [[31merror[39m]: [31mFailed to initialize database pool: connect EHOSTUNREACH 75.102.58.135:3306[39m
2025-05-30 11:00:11:011 [[31merror[39m]: [31mFailed to initialize database connection: connect EHOSTUNREACH 75.102.58.135:3306[39m
2025-05-30 11:05:26:526 [[32minfo[39m]: [32mInitializing database connection pool[39m
Ignoring invalid configuration option passed to Connection: acquireTimeout. This is currently a warning, but in future versions of MySQL2, an error will be thrown if you pass an invalid configuration option to a Connection
2025-05-30 11:05:26:526 [[32minfo[39m]: [32mServer running on port 3000[39m
2025-05-30 11:05:26:526 [[32minfo[39m]: [32mEnvironment: development[39m
2025-05-30 11:05:27:527 [[32minfo[39m]: [32mDatabase connection established successfully[39m
2025-05-30 11:05:27:527 [[32minfo[39m]: [32mDatabase connection pool initialized successfully[39m
2025-05-30 11:06:04:64 [[35mhttp[39m]: [35mGET /auth[39m
2025-05-30 11:07:33:733 [[32minfo[39m]: [32mInitializing database connection pool[39m
Ignoring invalid configuration option passed to Connection: acquireTimeout. This is currently a warning, but in future versions of MySQL2, an error will be thrown if you pass an invalid configuration option to a Connection
2025-05-30 11:07:34:734 [[32minfo[39m]: [32mServer running on port 3000[39m
2025-05-30 11:07:34:734 [[32minfo[39m]: [32mEnvironment: development[39m
2025-05-30 11:07:34:734 [[32minfo[39m]: [32mDatabase connection established successfully[39m
2025-05-30 11:07:34:734 [[32minfo[39m]: [32mDatabase connection pool initialized successfully[39m
2025-05-30 11:12:31:1231 [[32minfo[39m]: [32mInitializing database connection pool[39m
Ignoring invalid configuration option passed to Connection: acquireTimeout. This is currently a warning, but in future versions of MySQL2, an error will be thrown if you pass an invalid configuration option to a Connection
2025-05-30 11:12:31:1231 [[32minfo[39m]: [32mServer running on port 3000[39m
2025-05-30 11:12:31:1231 [[32minfo[39m]: [32mEnvironment: development[39m
2025-05-30 11:12:32:1232 [[32minfo[39m]: [32mDatabase connection established successfully[39m
2025-05-30 11:12:32:1232 [[32minfo[39m]: [32mDatabase connection pool initialized successfully[39m
2025-05-30 11:12:59:1259 [[32minfo[39m]: [32mInitializing database connection pool[39m
Ignoring invalid configuration option passed to Connection: acquireTimeout. This is currently a warning, but in future versions of MySQL2, an error will be thrown if you pass an invalid configuration option to a Connection
2025-05-30 11:13:00:130 [[32minfo[39m]: [32mServer running on port 3000[39m
2025-05-30 11:13:00:130 [[32minfo[39m]: [32mEnvironment: development[39m
2025-05-30 11:13:00:130 [[32minfo[39m]: [32mDatabase connection established successfully[39m
2025-05-30 11:13:00:130 [[32minfo[39m]: [32mDatabase connection pool initialized successfully[39m
2025-05-30 11:18:26:1826 [[35mhttp[39m]: [35mGET /hello[39m
2025-05-30 11:18:26:1826 [[32minfo[39m]: [32mHello endpoint called[39m
2025-05-30 11:18:48:1848 [[35mhttp[39m]: [35mGET /test-db[39m
2025-05-30 11:18:48:1848 [[34mdebug[39m]: [34mExecuting query: SELECT 1 as test with params: [][39m
2025-05-30 11:18:48:1848 [[34mdebug[39m]: [34mDatabase connection acquired from pool[39m
2025-05-30 11:19:12:1912 [[32minfo[39m]: [32mInitializing database connection pool[39m
Ignoring invalid configuration option passed to Connection: acquireTimeout. This is currently a warning, but in future versions of MySQL2, an error will be thrown if you pass an invalid configuration option to a Connection
2025-05-30 11:19:12:1912 [[32minfo[39m]: [32mServer running on port 3000[39m
2025-05-30 11:19:12:1912 [[32minfo[39m]: [32mEnvironment: development[39m
2025-05-30 11:19:13:1913 [[32minfo[39m]: [32mDatabase connection established successfully[39m
2025-05-30 11:19:13:1913 [[32minfo[39m]: [32mDatabase connection pool initialized successfully[39m
2025-05-30 11:19:37:1937 [[34mdebug[39m]: [34mDatabase connection released back to pool[39m
2025-05-30 11:19:37:1937 [[31merror[39m]: [31mDatabase query error: read ECONNRESET[39m
2025-05-30 11:19:37:1937 [[31merror[39m]: [31mDatabase test failed: read ECONNRESET[39m
2025-05-30 11:19:40:1940 [[35mhttp[39m]: [35mGET /test-db[39m
2025-05-30 11:19:40:1940 [[34mdebug[39m]: [34mExecuting query: SELECT 1 as test with params: [][39m
2025-05-30 11:19:40:1940 [[32minfo[39m]: [32mNew connection established to database[39m
2025-05-30 11:19:40:1940 [[34mdebug[39m]: [34mDatabase connection acquired from pool[39m
2025-05-30 11:19:41:1941 [[34mdebug[39m]: [34mDatabase connection released back to pool[39m
2025-05-30 11:19:41:1941 [[34mdebug[39m]: [34mQuery executed in 833ms[39m
2025-05-30 11:19:43:1943 [[35mhttp[39m]: [35mGET /hello[39m
2025-05-30 11:19:43:1943 [[32minfo[39m]: [32mHello endpoint called[39m
2025-05-30 11:19:45:1945 [[35mhttp[39m]: [35mGET /auth-test[39m
2025-05-30 11:19:45:1945 [[32minfo[39m]: [32mAuth test endpoint called[39m
2025-05-30 11:19:46:1946 [[35mhttp[39m]: [35mGET /routes-info[39m
2025-05-30 11:19:46:1946 [[32minfo[39m]: [32mRoutes info endpoint called[39m
2025-05-30 11:19:47:1947 [[35mhttp[39m]: [35mGET /routes-info[39m
2025-05-30 11:19:47:1947 [[32minfo[39m]: [32mRoutes info endpoint called[39m
2025-05-30 11:19:48:1948 [[35mhttp[39m]: [35mGET /auth-test[39m
2025-05-30 11:19:48:1948 [[32minfo[39m]: [32mAuth test endpoint called[39m
2025-05-30 11:20:09:209 [[35mhttp[39m]: [35mGET /auth-test[39m
2025-05-30 11:20:09:209 [[32minfo[39m]: [32mAuth test endpoint called[39m
2025-05-30 11:20:25:2025 [[35mhttp[39m]: [35mGET /hello[39m
2025-05-30 11:20:25:2025 [[32minfo[39m]: [32mHello endpoint called[39m
2025-05-30 11:20:32:2032 [[35mhttp[39m]: [35mGET /hello[39m
2025-05-30 11:20:32:2032 [[32minfo[39m]: [32mHello endpoint called[39m
2025-05-30 11:24:41:2441 [[31merror[39m]: [31mDatabase connection error: read ECONNRESET[39m
2025-05-30 11:29:13:2913 [[35mhttp[39m]: [35mGET /health[39m
2025-05-30 11:29:13:2913 [[35mhttp[39m]: [35mGET /health[39m
2025-05-30 11:29:13:2913 [[35mhttp[39m]: [35mGET /health[39m
2025-05-30 11:29:18:2918 [[35mhttp[39m]: [35mGET /health[39m
2025-05-30 11:29:35:2935 [[35mhttp[39m]: [35mGET /hello[39m
2025-05-30 11:29:35:2935 [[32minfo[39m]: [32mHello endpoint called[39m
2025-05-30 11:29:36:2936 [[35mhttp[39m]: [35mGET /hello[39m
2025-05-30 11:29:36:2936 [[32minfo[39m]: [32mHello endpoint called[39m
2025-05-30 11:29:38:2938 [[35mhttp[39m]: [35mGET /hello[39m
2025-05-30 11:29:38:2938 [[32minfo[39m]: [32mHello endpoint called[39m
2025-05-30 11:29:42:2942 [[35mhttp[39m]: [35mGET /hello[39m
2025-05-30 11:29:42:2942 [[32minfo[39m]: [32mHello endpoint called[39m
2025-05-30 11:29:42:2942 [[35mhttp[39m]: [35mGET /health[39m
2025-05-30 11:29:42:2942 [[35mhttp[39m]: [35mGET /health[39m
2025-05-30 11:29:42:2942 [[35mhttp[39m]: [35mGET /health[39m
2025-05-30 11:29:47:2947 [[35mhttp[39m]: [35mGET /health[39m
2025-05-30 11:29:47:2947 [[35mhttp[39m]: [35mGET /hello[39m
2025-05-30 11:29:47:2947 [[32minfo[39m]: [32mHello endpoint called[39m
2025-05-30 11:29:47:2947 [[35mhttp[39m]: [35mGET /health[39m
2025-05-30 11:29:47:2947 [[35mhttp[39m]: [35mGET /health[39m
2025-05-30 11:29:47:2947 [[35mhttp[39m]: [35mGET /health[39m
2025-05-30 11:29:52:2952 [[35mhttp[39m]: [35mGET /health[39m
2025-05-30 11:29:52:2952 [[35mhttp[39m]: [35mGET /hello[39m
2025-05-30 11:29:52:2952 [[32minfo[39m]: [32mHello endpoint called[39m
2025-05-30 11:29:52:2952 [[35mhttp[39m]: [35mGET /health[39m
2025-05-30 11:29:52:2952 [[35mhttp[39m]: [35mGET /health[39m
2025-05-30 11:29:52:2952 [[35mhttp[39m]: [35mGET /health[39m
2025-05-30 11:29:57:2957 [[35mhttp[39m]: [35mGET /health[39m
2025-05-30 11:29:57:2957 [[35mhttp[39m]: [35mGET /hello[39m
2025-05-30 11:29:57:2957 [[32minfo[39m]: [32mHello endpoint called[39m
2025-05-30 11:29:57:2957 [[35mhttp[39m]: [35mGET /health[39m
2025-05-30 11:29:57:2957 [[35mhttp[39m]: [35mGET /health[39m
2025-05-30 11:29:57:2957 [[35mhttp[39m]: [35mGET /health[39m
2025-05-30 11:30:02:302 [[35mhttp[39m]: [35mGET /health[39m
2025-05-30 11:30:02:302 [[35mhttp[39m]: [35mGET /hello[39m
2025-05-30 11:30:02:302 [[32minfo[39m]: [32mHello endpoint called[39m
2025-05-30 11:30:02:302 [[35mhttp[39m]: [35mGET /health[39m
2025-05-30 11:30:02:302 [[35mhttp[39m]: [35mGET /health[39m
2025-05-30 11:30:02:302 [[35mhttp[39m]: [35mGET /health[39m
2025-05-30 11:30:02:302 [[35mhttp[39m]: [35mGET /routes-info[39m
2025-05-30 11:30:02:302 [[32minfo[39m]: [32mRoutes info endpoint called[39m
2025-05-30 11:30:03:303 [[35mhttp[39m]: [35mGET /health[39m
2025-05-30 11:30:03:303 [[35mhttp[39m]: [35mGET /hello[39m
2025-05-30 11:30:03:303 [[32minfo[39m]: [32mHello endpoint called[39m
2025-05-30 11:30:03:303 [[35mhttp[39m]: [35mGET /health[39m
2025-05-30 11:30:03:303 [[35mhttp[39m]: [35mGET /health[39m
2025-05-30 11:30:03:303 [[35mhttp[39m]: [35mGET /health[39m
2025-05-30 11:30:03:303 [[35mhttp[39m]: [35mGET /routes-info[39m
2025-05-30 11:30:03:303 [[32minfo[39m]: [32mRoutes info endpoint called[39m
2025-05-30 11:30:03:303 [[35mhttp[39m]: [35mGET /health[39m
2025-05-30 11:30:03:303 [[35mhttp[39m]: [35mGET /hello[39m
2025-05-30 11:30:03:303 [[32minfo[39m]: [32mHello endpoint called[39m
2025-05-30 11:30:03:303 [[35mhttp[39m]: [35mGET /health[39m
2025-05-30 11:30:03:303 [[35mhttp[39m]: [35mGET /health[39m
2025-05-30 11:30:03:303 [[35mhttp[39m]: [35mGET /health[39m
2025-05-30 11:30:03:303 [[35mhttp[39m]: [35mGET /health[39m
2025-05-30 11:30:03:303 [[35mhttp[39m]: [35mGET /health[39m
2025-05-30 11:30:03:303 [[35mhttp[39m]: [35mGET /health[39m
2025-05-30 11:30:05:305 [[35mhttp[39m]: [35mGET /routes-info[39m
2025-05-30 11:30:05:305 [[32minfo[39m]: [32mRoutes info endpoint called[39m
2025-05-30 11:30:08:308 [[35mhttp[39m]: [35mGET /health[39m
2025-05-30 11:30:08:308 [[35mhttp[39m]: [35mGET /hello[39m
2025-05-30 11:30:08:308 [[32minfo[39m]: [32mHello endpoint called[39m
2025-05-30 11:30:08:308 [[35mhttp[39m]: [35mGET /health[39m
2025-05-30 11:30:08:308 [[35mhttp[39m]: [35mGET /health[39m
2025-05-30 11:30:08:308 [[35mhttp[39m]: [35mGET /health[39m
2025-05-30 11:30:08:308 [[35mhttp[39m]: [35mGET /health[39m
2025-05-30 11:30:09:309 [[35mhttp[39m]: [35mGET /routes-info[39m
2025-05-30 11:30:09:309 [[32minfo[39m]: [32mRoutes info endpoint called[39m
2025-05-30 11:30:09:309 [[35mhttp[39m]: [35mGET /health[39m
2025-05-30 11:30:09:309 [[35mhttp[39m]: [35mGET /health[39m
2025-05-30 11:30:09:309 [[35mhttp[39m]: [35mGET /health[39m
2025-05-30 11:30:13:3013 [[35mhttp[39m]: [35mGET /health[39m
2025-05-30 11:30:13:3013 [[35mhttp[39m]: [35mGET /hello[39m
2025-05-30 11:30:13:3013 [[32minfo[39m]: [32mHello endpoint called[39m
2025-05-30 11:30:13:3013 [[35mhttp[39m]: [35mGET /health[39m
2025-05-30 11:30:13:3013 [[35mhttp[39m]: [35mGET /health[39m
2025-05-30 11:30:13:3013 [[35mhttp[39m]: [35mGET /health[39m
2025-05-30 11:30:13:3013 [[35mhttp[39m]: [35mGET /health[39m
2025-05-30 11:30:13:3013 [[35mhttp[39m]: [35mGET /routes-info[39m
2025-05-30 11:30:13:3013 [[32minfo[39m]: [32mRoutes info endpoint called[39m
2025-05-30 11:30:13:3013 [[35mhttp[39m]: [35mGET /health[39m
2025-05-30 11:30:13:3013 [[35mhttp[39m]: [35mGET /health[39m
2025-05-30 11:30:13:3013 [[35mhttp[39m]: [35mGET /health[39m
2025-05-30 11:30:16:3016 [[35mhttp[39m]: [35mGET /hello[39m
2025-05-30 11:30:16:3016 [[32minfo[39m]: [32mHello endpoint called[39m
2025-05-30 11:30:17:3017 [[35mhttp[39m]: [35mGET /hello[39m
2025-05-30 11:30:17:3017 [[32minfo[39m]: [32mHello endpoint called[39m
2025-05-30 11:30:18:3018 [[35mhttp[39m]: [35mGET /health[39m
2025-05-30 11:30:18:3018 [[35mhttp[39m]: [35mGET /hello[39m
2025-05-30 11:30:18:3018 [[32minfo[39m]: [32mHello endpoint called[39m
2025-05-30 11:30:18:3018 [[35mhttp[39m]: [35mGET /health[39m
2025-05-30 11:30:18:3018 [[35mhttp[39m]: [35mGET /health[39m
2025-05-30 11:30:18:3018 [[35mhttp[39m]: [35mGET /health[39m
2025-05-30 11:30:18:3018 [[35mhttp[39m]: [35mGET /health[39m
2025-05-30 11:30:18:3018 [[35mhttp[39m]: [35mGET /routes-info[39m
2025-05-30 11:30:18:3018 [[32minfo[39m]: [32mRoutes info endpoint called[39m
2025-05-30 11:30:18:3018 [[35mhttp[39m]: [35mGET /health[39m
2025-05-30 11:30:18:3018 [[35mhttp[39m]: [35mGET /health[39m
2025-05-30 11:30:18:3018 [[35mhttp[39m]: [35mGET /health[39m
2025-05-30 11:30:19:3019 [[35mhttp[39m]: [35mGET /hello[39m
2025-05-30 11:30:19:3019 [[32minfo[39m]: [32mHello endpoint called[39m
2025-05-30 11:30:23:3023 [[35mhttp[39m]: [35mGET /hello[39m
2025-05-30 11:30:23:3023 [[32minfo[39m]: [32mHello endpoint called[39m
2025-05-30 11:30:23:3023 [[35mhttp[39m]: [35mGET /health[39m
2025-05-30 11:30:23:3023 [[35mhttp[39m]: [35mGET /health[39m
2025-05-30 11:30:23:3023 [[35mhttp[39m]: [35mGET /health[39m
2025-05-30 11:30:23:3023 [[35mhttp[39m]: [35mGET /health[39m
2025-05-30 11:30:23:3023 [[35mhttp[39m]: [35mGET /hello[39m
2025-05-30 11:30:23:3023 [[32minfo[39m]: [32mHello endpoint called[39m
2025-05-30 11:30:23:3023 [[35mhttp[39m]: [35mGET /health[39m
2025-05-30 11:30:23:3023 [[35mhttp[39m]: [35mGET /health[39m
2025-05-30 11:30:23:3023 [[35mhttp[39m]: [35mGET /health[39m
2025-05-30 11:30:23:3023 [[35mhttp[39m]: [35mGET /health[39m
2025-05-30 11:30:23:3023 [[35mhttp[39m]: [35mGET /health[39m
2025-05-30 11:30:23:3023 [[35mhttp[39m]: [35mGET /health[39m
2025-05-30 11:30:23:3023 [[35mhttp[39m]: [35mGET /routes-info[39m
2025-05-30 11:30:23:3023 [[32minfo[39m]: [32mRoutes info endpoint called[39m
2025-05-30 11:30:23:3023 [[35mhttp[39m]: [35mGET /hello[39m
2025-05-30 11:30:23:3023 [[32minfo[39m]: [32mHello endpoint called[39m
2025-05-30 11:30:23:3023 [[35mhttp[39m]: [35mGET /health[39m
2025-05-30 11:30:23:3023 [[35mhttp[39m]: [35mGET /health[39m
2025-05-30 11:30:23:3023 [[35mhttp[39m]: [35mGET /health[39m
2025-05-30 11:30:23:3023 [[35mhttp[39m]: [35mGET /health[39m
2025-05-30 11:30:23:3023 [[35mhttp[39m]: [35mGET /health[39m
2025-05-30 11:30:23:3023 [[35mhttp[39m]: [35mGET /health[39m
2025-05-30 11:30:23:3023 [[35mhttp[39m]: [35mGET /health[39m
2025-05-30 11:30:24:3024 [[35mhttp[39m]: [35mGET /health[39m
2025-05-30 11:30:24:3024 [[35mhttp[39m]: [35mGET /hello[39m
2025-05-30 11:30:24:3024 [[32minfo[39m]: [32mHello endpoint called[39m
2025-05-30 11:30:24:3024 [[35mhttp[39m]: [35mGET /health[39m
2025-05-30 11:30:24:3024 [[35mhttp[39m]: [35mGET /health[39m
2025-05-30 11:30:24:3024 [[35mhttp[39m]: [35mGET /health[39m
2025-05-30 11:30:24:3024 [[35mhttp[39m]: [35mGET /health[39m
2025-05-30 11:30:24:3024 [[35mhttp[39m]: [35mGET /routes-info[39m
2025-05-30 11:30:24:3024 [[32minfo[39m]: [32mRoutes info endpoint called[39m
2025-05-30 11:30:24:3024 [[35mhttp[39m]: [35mGET /health[39m
2025-05-30 11:30:24:3024 [[35mhttp[39m]: [35mGET /health[39m
2025-05-30 11:30:24:3024 [[35mhttp[39m]: [35mGET /health[39m
2025-05-30 11:30:28:3028 [[35mhttp[39m]: [35mGET /health[39m
2025-05-30 11:30:28:3028 [[35mhttp[39m]: [35mGET /hello[39m
2025-05-30 11:30:28:3028 [[32minfo[39m]: [32mHello endpoint called[39m
2025-05-30 11:30:28:3028 [[35mhttp[39m]: [35mGET /health[39m
2025-05-30 11:30:28:3028 [[35mhttp[39m]: [35mGET /health[39m
2025-05-30 11:30:28:3028 [[35mhttp[39m]: [35mGET /health[39m
2025-05-30 11:30:29:3029 [[35mhttp[39m]: [35mGET /health[39m
2025-05-30 11:30:29:3029 [[35mhttp[39m]: [35mGET /hello[39m
2025-05-30 11:30:29:3029 [[32minfo[39m]: [32mHello endpoint called[39m
2025-05-30 11:30:29:3029 [[35mhttp[39m]: [35mGET /health[39m
2025-05-30 11:30:29:3029 [[35mhttp[39m]: [35mGET /health[39m
2025-05-30 11:30:29:3029 [[35mhttp[39m]: [35mGET /health[39m
2025-05-30 11:30:29:3029 [[35mhttp[39m]: [35mGET /health[39m
2025-05-30 11:30:29:3029 [[35mhttp[39m]: [35mGET /routes-info[39m
2025-05-30 11:30:29:3029 [[32minfo[39m]: [32mRoutes info endpoint called[39m
2025-05-30 11:30:29:3029 [[35mhttp[39m]: [35mGET /health[39m
2025-05-30 11:30:29:3029 [[35mhttp[39m]: [35mGET /health[39m
2025-05-30 11:30:29:3029 [[35mhttp[39m]: [35mGET /health[39m
2025-05-30 11:30:33:3033 [[35mhttp[39m]: [35mGET /health[39m
2025-05-30 11:30:33:3033 [[35mhttp[39m]: [35mGET /hello[39m
2025-05-30 11:30:33:3033 [[32minfo[39m]: [32mHello endpoint called[39m
2025-05-30 11:30:33:3033 [[35mhttp[39m]: [35mGET /health[39m
2025-05-30 11:30:33:3033 [[35mhttp[39m]: [35mGET /health[39m
2025-05-30 11:30:33:3033 [[35mhttp[39m]: [35mGET /health[39m
2025-05-30 11:30:34:3034 [[35mhttp[39m]: [35mGET /health[39m
2025-05-30 11:30:34:3034 [[35mhttp[39m]: [35mGET /hello[39m
2025-05-30 11:30:34:3034 [[32minfo[39m]: [32mHello endpoint called[39m
2025-05-30 11:30:34:3034 [[35mhttp[39m]: [35mGET /health[39m
2025-05-30 11:30:34:3034 [[35mhttp[39m]: [35mGET /health[39m
2025-05-30 11:30:34:3034 [[35mhttp[39m]: [35mGET /health[39m
2025-05-30 11:30:34:3034 [[35mhttp[39m]: [35mGET /health[39m
2025-05-30 11:30:34:3034 [[35mhttp[39m]: [35mGET /routes-info[39m
2025-05-30 11:30:34:3034 [[32minfo[39m]: [32mRoutes info endpoint called[39m
2025-05-30 11:30:34:3034 [[35mhttp[39m]: [35mGET /health[39m
2025-05-30 11:30:34:3034 [[35mhttp[39m]: [35mGET /health[39m
2025-05-30 11:30:34:3034 [[35mhttp[39m]: [35mGET /health[39m
2025-05-30 11:30:38:3038 [[35mhttp[39m]: [35mGET /health[39m
2025-05-30 11:30:38:3038 [[35mhttp[39m]: [35mGET /hello[39m
2025-05-30 11:30:38:3038 [[32minfo[39m]: [32mHello endpoint called[39m
2025-05-30 11:30:38:3038 [[35mhttp[39m]: [35mGET /health[39m
2025-05-30 11:30:38:3038 [[35mhttp[39m]: [35mGET /health[39m
2025-05-30 11:30:38:3038 [[35mhttp[39m]: [35mGET /health[39m
2025-05-30 11:30:39:3039 [[35mhttp[39m]: [35mGET /health[39m
2025-05-30 11:30:39:3039 [[35mhttp[39m]: [35mGET /hello[39m
2025-05-30 11:30:39:3039 [[32minfo[39m]: [32mHello endpoint called[39m
2025-05-30 11:30:39:3039 [[35mhttp[39m]: [35mGET /health[39m
2025-05-30 11:30:39:3039 [[35mhttp[39m]: [35mGET /health[39m
2025-05-30 11:30:39:3039 [[35mhttp[39m]: [35mGET /health[39m
2025-05-30 11:30:39:3039 [[35mhttp[39m]: [35mGET /routes-info[39m
2025-05-30 11:30:39:3039 [[32minfo[39m]: [32mRoutes info endpoint called[39m
2025-05-30 11:30:39:3039 [[35mhttp[39m]: [35mGET /health[39m
2025-05-30 11:30:39:3039 [[35mhttp[39m]: [35mGET /health[39m
2025-05-30 11:30:39:3039 [[35mhttp[39m]: [35mGET /hello[39m
2025-05-30 11:30:39:3039 [[32minfo[39m]: [32mHello endpoint called[39m
2025-05-30 11:30:39:3039 [[35mhttp[39m]: [35mGET /health[39m
2025-05-30 11:30:39:3039 [[35mhttp[39m]: [35mGET /health[39m
2025-05-30 11:30:39:3039 [[35mhttp[39m]: [35mGET /health[39m
2025-05-30 11:30:39:3039 [[35mhttp[39m]: [35mGET /health[39m
2025-05-30 11:30:39:3039 [[35mhttp[39m]: [35mGET /health[39m
2025-05-30 11:30:39:3039 [[35mhttp[39m]: [35mGET /health[39m
2025-05-30 11:30:39:3039 [[35mhttp[39m]: [35mGET /health[39m
2025-05-30 11:30:44:3044 [[35mhttp[39m]: [35mGET /health[39m
2025-05-30 11:30:44:3044 [[35mhttp[39m]: [35mGET /hello[39m
2025-05-30 11:30:44:3044 [[32minfo[39m]: [32mHello endpoint called[39m
2025-05-30 11:30:44:3044 [[35mhttp[39m]: [35mGET /health[39m
2025-05-30 11:30:44:3044 [[35mhttp[39m]: [35mGET /health[39m
2025-05-30 11:30:44:3044 [[35mhttp[39m]: [35mGET /health[39m
2025-05-30 11:30:44:3044 [[35mhttp[39m]: [35mGET /health[39m
2025-05-30 11:30:44:3044 [[35mhttp[39m]: [35mGET /health[39m
2025-05-30 11:30:44:3044 [[35mhttp[39m]: [35mGET /hello[39m
2025-05-30 11:30:44:3044 [[32minfo[39m]: [32mHello endpoint called[39m
2025-05-30 11:30:44:3044 [[35mhttp[39m]: [35mGET /routes-info[39m
2025-05-30 11:30:44:3044 [[32minfo[39m]: [32mRoutes info endpoint called[39m
2025-05-30 11:30:44:3044 [[35mhttp[39m]: [35mGET /health[39m
2025-05-30 11:30:44:3044 [[35mhttp[39m]: [35mGET /health[39m
2025-05-30 11:30:44:3044 [[35mhttp[39m]: [35mGET /health[39m
2025-05-30 11:30:44:3044 [[35mhttp[39m]: [35mGET /health[39m
2025-05-30 11:30:44:3044 [[35mhttp[39m]: [35mGET /health[39m
2025-05-30 11:30:44:3044 [[35mhttp[39m]: [35mGET /health[39m
2025-05-30 11:30:44:3044 [[35mhttp[39m]: [35mGET /health[39m
2025-05-30 11:30:45:3045 [[35mhttp[39m]: [35mGET /health[39m
2025-05-30 11:30:45:3045 [[35mhttp[39m]: [35mGET /hello[39m
2025-05-30 11:30:45:3045 [[32minfo[39m]: [32mHello endpoint called[39m
2025-05-30 11:30:45:3045 [[35mhttp[39m]: [35mGET /health[39m
2025-05-30 11:30:45:3045 [[35mhttp[39m]: [35mGET /health[39m
2025-05-30 11:30:45:3045 [[35mhttp[39m]: [35mGET /health[39m
2025-05-30 11:30:45:3045 [[35mhttp[39m]: [35mGET /health[39m
2025-05-30 11:30:45:3045 [[35mhttp[39m]: [35mGET /hello[39m
2025-05-30 11:30:45:3045 [[32minfo[39m]: [32mHello endpoint called[39m
2025-05-30 11:30:45:3045 [[35mhttp[39m]: [35mGET /health[39m
2025-05-30 11:30:45:3045 [[35mhttp[39m]: [35mGET /health[39m
2025-05-30 11:30:45:3045 [[35mhttp[39m]: [35mGET /health[39m
2025-05-30 11:30:49:3049 [[35mhttp[39m]: [35mGET /health[39m
2025-05-30 11:30:49:3049 [[35mhttp[39m]: [35mGET /routes-info[39m
2025-05-30 11:30:49:3049 [[32minfo[39m]: [32mRoutes info endpoint called[39m
2025-05-30 11:30:49:3049 [[35mhttp[39m]: [35mGET /health[39m
2025-05-30 11:30:49:3049 [[35mhttp[39m]: [35mGET /health[39m
2025-05-30 11:30:49:3049 [[35mhttp[39m]: [35mGET /health[39m
2025-05-30 11:30:50:3050 [[35mhttp[39m]: [35mGET /health[39m
2025-05-30 11:30:50:3050 [[35mhttp[39m]: [35mGET /hello[39m
2025-05-30 11:30:50:3050 [[32minfo[39m]: [32mHello endpoint called[39m
2025-05-30 11:30:50:3050 [[35mhttp[39m]: [35mGET /health[39m
2025-05-30 11:30:50:3050 [[35mhttp[39m]: [35mGET /health[39m
2025-05-30 11:30:50:3050 [[35mhttp[39m]: [35mGET /health[39m
2025-05-30 11:30:50:3050 [[35mhttp[39m]: [35mGET /health[39m
2025-05-30 11:30:50:3050 [[35mhttp[39m]: [35mGET /hello[39m
2025-05-30 11:30:50:3050 [[32minfo[39m]: [32mHello endpoint called[39m
2025-05-30 11:30:50:3050 [[35mhttp[39m]: [35mGET /health[39m
2025-05-30 11:30:50:3050 [[35mhttp[39m]: [35mGET /health[39m
2025-05-30 11:30:51:3051 [[35mhttp[39m]: [35mGET /health[39m
2025-05-30 11:30:54:3054 [[35mhttp[39m]: [35mGET /health[39m
2025-05-30 11:30:54:3054 [[35mhttp[39m]: [35mGET /routes-info[39m
2025-05-30 11:30:54:3054 [[32minfo[39m]: [32mRoutes info endpoint called[39m
2025-05-30 11:30:54:3054 [[35mhttp[39m]: [35mGET /health[39m
2025-05-30 11:30:54:3054 [[35mhttp[39m]: [35mGET /health[39m
2025-05-30 11:30:54:3054 [[35mhttp[39m]: [35mGET /health[39m
2025-05-30 11:30:55:3055 [[35mhttp[39m]: [35mGET /health[39m
2025-05-30 11:30:55:3055 [[35mhttp[39m]: [35mGET /hello[39m
2025-05-30 11:30:55:3055 [[32minfo[39m]: [32mHello endpoint called[39m
2025-05-30 11:30:55:3055 [[35mhttp[39m]: [35mGET /health[39m
2025-05-30 11:30:55:3055 [[35mhttp[39m]: [35mGET /health[39m
2025-05-30 11:30:55:3055 [[35mhttp[39m]: [35mGET /health[39m
2025-05-30 11:30:55:3055 [[35mhttp[39m]: [35mGET /health[39m
2025-05-30 11:30:55:3055 [[35mhttp[39m]: [35mGET /hello[39m
2025-05-30 11:30:55:3055 [[32minfo[39m]: [32mHello endpoint called[39m
2025-05-30 11:30:55:3055 [[35mhttp[39m]: [35mGET /health[39m
2025-05-30 11:30:55:3055 [[35mhttp[39m]: [35mGET /health[39m
2025-05-30 11:30:55:3055 [[35mhttp[39m]: [35mGET /health[39m
2025-05-30 11:30:59:3059 [[35mhttp[39m]: [35mGET /health[39m
2025-05-30 11:30:59:3059 [[35mhttp[39m]: [35mGET /routes-info[39m
2025-05-30 11:30:59:3059 [[32minfo[39m]: [32mRoutes info endpoint called[39m
2025-05-30 11:30:59:3059 [[35mhttp[39m]: [35mGET /health[39m
2025-05-30 11:30:59:3059 [[35mhttp[39m]: [35mGET /health[39m
2025-05-30 11:30:59:3059 [[35mhttp[39m]: [35mGET /health[39m
2025-05-30 11:31:00:310 [[35mhttp[39m]: [35mGET /health[39m
2025-05-30 11:31:00:310 [[35mhttp[39m]: [35mGET /hello[39m
2025-05-30 11:31:00:310 [[32minfo[39m]: [32mHello endpoint called[39m
2025-05-30 11:31:00:310 [[35mhttp[39m]: [35mGET /health[39m
2025-05-30 11:31:00:310 [[35mhttp[39m]: [35mGET /health[39m
2025-05-30 11:31:00:310 [[35mhttp[39m]: [35mGET /hello[39m
2025-05-30 11:31:00:310 [[32minfo[39m]: [32mHello endpoint called[39m
2025-05-30 11:31:00:310 [[35mhttp[39m]: [35mGET /health[39m
2025-05-30 11:31:00:310 [[35mhttp[39m]: [35mGET /health[39m
2025-05-30 11:31:00:310 [[35mhttp[39m]: [35mGET /health[39m
2025-05-30 11:31:00:310 [[35mhttp[39m]: [35mGET /health[39m
2025-05-30 11:31:00:310 [[35mhttp[39m]: [35mGET /health[39m
2025-05-30 11:31:00:310 [[35mhttp[39m]: [35mGET /health[39m
2025-05-30 11:31:00:310 [[35mhttp[39m]: [35mGET /health[39m
2025-05-30 11:31:00:310 [[35mhttp[39m]: [35mGET /routes-info[39m
2025-05-30 11:31:00:310 [[32minfo[39m]: [32mRoutes info endpoint called[39m
2025-05-30 11:31:00:310 [[35mhttp[39m]: [35mGET /health[39m
2025-05-30 11:31:00:310 [[35mhttp[39m]: [35mGET /health[39m
2025-05-30 11:31:00:310 [[35mhttp[39m]: [35mGET /health[39m
2025-05-30 11:31:05:315 [[35mhttp[39m]: [35mGET /health[39m
2025-05-30 11:31:05:315 [[35mhttp[39m]: [35mGET /health[39m
2025-05-30 11:31:05:315 [[35mhttp[39m]: [35mGET /hello[39m
2025-05-30 11:31:05:315 [[32minfo[39m]: [32mHello endpoint called[39m
2025-05-30 11:31:05:315 [[35mhttp[39m]: [35mGET /hello[39m
2025-05-30 11:31:05:315 [[32minfo[39m]: [32mHello endpoint called[39m
2025-05-30 11:31:05:315 [[35mhttp[39m]: [35mGET /hello[39m
2025-05-30 11:31:05:315 [[32minfo[39m]: [32mHello endpoint called[39m
2025-05-30 11:31:05:315 [[35mhttp[39m]: [35mGET /health[39m
2025-05-30 11:31:05:315 [[35mhttp[39m]: [35mGET /health[39m
2025-05-30 11:31:05:315 [[35mhttp[39m]: [35mGET /health[39m
2025-05-30 11:31:05:315 [[35mhttp[39m]: [35mGET /health[39m
2025-05-30 11:31:05:315 [[35mhttp[39m]: [35mGET /health[39m
2025-05-30 11:31:05:315 [[35mhttp[39m]: [35mGET /health[39m
2025-05-30 11:31:05:315 [[35mhttp[39m]: [35mGET /routes-info[39m
2025-05-30 11:31:05:315 [[32minfo[39m]: [32mRoutes info endpoint called[39m
2025-05-30 11:31:05:315 [[35mhttp[39m]: [35mGET /health[39m
2025-05-30 11:31:05:315 [[35mhttp[39m]: [35mGET /health[39m
2025-05-30 11:31:05:315 [[35mhttp[39m]: [35mGET /health[39m
2025-05-30 11:31:05:315 [[35mhttp[39m]: [35mGET /health[39m
2025-05-30 11:31:05:315 [[35mhttp[39m]: [35mGET /health[39m
2025-05-30 11:31:05:315 [[35mhttp[39m]: [35mGET /health[39m
2025-05-30 11:31:05:315 [[35mhttp[39m]: [35mGET /health[39m
2025-05-30 11:31:06:316 [[35mhttp[39m]: [35mGET /health[39m
2025-05-30 11:31:06:316 [[35mhttp[39m]: [35mGET /hello[39m
2025-05-30 11:31:06:316 [[32minfo[39m]: [32mHello endpoint called[39m
2025-05-30 11:31:06:316 [[35mhttp[39m]: [35mGET /health[39m
2025-05-30 11:31:06:316 [[35mhttp[39m]: [35mGET /health[39m
2025-05-30 11:31:06:316 [[35mhttp[39m]: [35mGET /health[39m
2025-05-30 11:31:06:316 [[35mhttp[39m]: [35mGET /health[39m
2025-05-30 11:31:06:316 [[35mhttp[39m]: [35mGET /hello[39m
2025-05-30 11:31:06:316 [[32minfo[39m]: [32mHello endpoint called[39m
2025-05-30 11:31:06:316 [[35mhttp[39m]: [35mGET /health[39m
2025-05-30 11:31:06:316 [[35mhttp[39m]: [35mGET /health[39m
2025-05-30 11:31:07:317 [[35mhttp[39m]: [35mGET /health[39m
2025-05-30 11:31:10:3110 [[35mhttp[39m]: [35mGET /health[39m
2025-05-30 11:31:10:3110 [[35mhttp[39m]: [35mGET /routes-info[39m
2025-05-30 11:31:10:3110 [[32minfo[39m]: [32mRoutes info endpoint called[39m
2025-05-30 11:31:10:3110 [[35mhttp[39m]: [35mGET /health[39m
2025-05-30 11:31:10:3110 [[35mhttp[39m]: [35mGET /health[39m
2025-05-30 11:31:10:3110 [[35mhttp[39m]: [35mGET /health[39m
2025-05-30 11:31:11:3111 [[35mhttp[39m]: [35mGET /health[39m
2025-05-30 11:31:11:3111 [[35mhttp[39m]: [35mGET /hello[39m
2025-05-30 11:31:11:3111 [[32minfo[39m]: [32mHello endpoint called[39m
2025-05-30 11:31:11:3111 [[35mhttp[39m]: [35mGET /health[39m
2025-05-30 11:31:11:3111 [[35mhttp[39m]: [35mGET /health[39m
2025-05-30 11:31:11:3111 [[35mhttp[39m]: [35mGET /health[39m
2025-05-30 11:31:12:3112 [[35mhttp[39m]: [35mGET /health[39m
2025-05-30 11:31:12:3112 [[35mhttp[39m]: [35mGET /hello[39m
2025-05-30 11:31:12:3112 [[32minfo[39m]: [32mHello endpoint called[39m
2025-05-30 11:31:12:3112 [[35mhttp[39m]: [35mGET /health[39m
2025-05-30 11:31:12:3112 [[35mhttp[39m]: [35mGET /health[39m
2025-05-30 11:31:12:3112 [[35mhttp[39m]: [35mGET /health[39m
2025-05-30 11:31:15:3115 [[35mhttp[39m]: [35mGET /health[39m
2025-05-30 11:31:15:3115 [[35mhttp[39m]: [35mGET /routes-info[39m
2025-05-30 11:31:15:3115 [[32minfo[39m]: [32mRoutes info endpoint called[39m
2025-05-30 11:31:15:3115 [[35mhttp[39m]: [35mGET /health[39m
2025-05-30 11:31:15:3115 [[35mhttp[39m]: [35mGET /health[39m
2025-05-30 11:31:15:3115 [[35mhttp[39m]: [35mGET /health[39m
2025-05-30 11:31:16:3116 [[35mhttp[39m]: [35mGET /health[39m
2025-05-30 11:31:16:3116 [[35mhttp[39m]: [35mGET /hello[39m
2025-05-30 11:31:16:3116 [[32minfo[39m]: [32mHello endpoint called[39m
2025-05-30 11:31:16:3116 [[35mhttp[39m]: [35mGET /health[39m
2025-05-30 11:31:16:3116 [[35mhttp[39m]: [35mGET /health[39m
2025-05-30 11:31:16:3116 [[35mhttp[39m]: [35mGET /health[39m
2025-05-30 11:31:16:3116 [[35mhttp[39m]: [35mGET /health[39m
2025-05-30 11:31:16:3116 [[35mhttp[39m]: [35mGET /hello[39m
2025-05-30 11:31:16:3116 [[32minfo[39m]: [32mHello endpoint called[39m
2025-05-30 11:31:16:3116 [[35mhttp[39m]: [35mGET /health[39m
2025-05-30 11:31:16:3116 [[35mhttp[39m]: [35mGET /health[39m
2025-05-30 11:31:16:3116 [[35mhttp[39m]: [35mGET /health[39m
2025-05-30 11:31:20:3120 [[35mhttp[39m]: [35mGET /health[39m
2025-05-30 11:31:20:3120 [[35mhttp[39m]: [35mGET /routes-info[39m
2025-05-30 11:31:20:3120 [[32minfo[39m]: [32mRoutes info endpoint called[39m
2025-05-30 11:31:20:3120 [[35mhttp[39m]: [35mGET /health[39m
2025-05-30 11:31:20:3120 [[35mhttp[39m]: [35mGET /health[39m
2025-05-30 11:31:20:3120 [[35mhttp[39m]: [35mGET /health[39m
2025-05-30 11:31:21:3121 [[35mhttp[39m]: [35mGET /health[39m
2025-05-30 11:31:21:3121 [[35mhttp[39m]: [35mGET /hello[39m
2025-05-30 11:31:21:3121 [[32minfo[39m]: [32mHello endpoint called[39m
2025-05-30 11:31:21:3121 [[35mhttp[39m]: [35mGET /health[39m
2025-05-30 11:31:21:3121 [[35mhttp[39m]: [35mGET /health[39m
2025-05-30 11:31:21:3121 [[35mhttp[39m]: [35mGET /health[39m
2025-05-30 11:31:21:3121 [[35mhttp[39m]: [35mGET /health[39m
2025-05-30 11:31:21:3121 [[35mhttp[39m]: [35mGET /hello[39m
2025-05-30 11:31:21:3121 [[32minfo[39m]: [32mHello endpoint called[39m
2025-05-30 11:31:21:3121 [[35mhttp[39m]: [35mGET /health[39m
2025-05-30 11:31:21:3121 [[35mhttp[39m]: [35mGET /health[39m
2025-05-30 11:31:21:3121 [[35mhttp[39m]: [35mGET /health[39m
2025-05-30 11:31:21:3121 [[35mhttp[39m]: [35mGET /health[39m
2025-05-30 11:31:21:3121 [[35mhttp[39m]: [35mGET /routes-info[39m
2025-05-30 11:31:21:3121 [[32minfo[39m]: [32mRoutes info endpoint called[39m
2025-05-30 11:31:21:3121 [[35mhttp[39m]: [35mGET /health[39m
2025-05-30 11:31:21:3121 [[35mhttp[39m]: [35mGET /health[39m
2025-05-30 11:31:21:3121 [[35mhttp[39m]: [35mGET /health[39m
2025-05-30 11:31:26:3126 [[35mhttp[39m]: [35mGET /health[39m
2025-05-30 11:31:26:3126 [[35mhttp[39m]: [35mGET /hello[39m
2025-05-30 11:31:26:3126 [[32minfo[39m]: [32mHello endpoint called[39m
2025-05-30 11:31:26:3126 [[35mhttp[39m]: [35mGET /health[39m
2025-05-30 11:31:26:3126 [[35mhttp[39m]: [35mGET /health[39m
2025-05-30 11:31:26:3126 [[35mhttp[39m]: [35mGET /health[39m
2025-05-30 11:31:26:3126 [[35mhttp[39m]: [35mGET /health[39m
2025-05-30 11:31:26:3126 [[35mhttp[39m]: [35mGET /health[39m
2025-05-30 11:31:26:3126 [[35mhttp[39m]: [35mGET /hello[39m
2025-05-30 11:31:26:3126 [[32minfo[39m]: [32mHello endpoint called[39m
2025-05-30 11:31:26:3126 [[35mhttp[39m]: [35mGET /health[39m
2025-05-30 11:31:26:3126 [[35mhttp[39m]: [35mGET /health[39m
2025-05-30 11:31:26:3126 [[35mhttp[39m]: [35mGET /routes-info[39m
2025-05-30 11:31:26:3126 [[32minfo[39m]: [32mRoutes info endpoint called[39m
2025-05-30 11:31:26:3126 [[35mhttp[39m]: [35mGET /health[39m
2025-05-30 11:31:26:3126 [[35mhttp[39m]: [35mGET /health[39m
2025-05-30 11:31:26:3126 [[35mhttp[39m]: [35mGET /health[39m
2025-05-30 11:31:26:3126 [[35mhttp[39m]: [35mGET /health[39m
2025-05-30 11:31:26:3126 [[35mhttp[39m]: [35mGET /health[39m
2025-05-30 11:31:26:3126 [[35mhttp[39m]: [35mGET /health[39m
2025-05-30 11:31:27:3127 [[35mhttp[39m]: [35mGET /health[39m
2025-05-30 11:31:27:3127 [[35mhttp[39m]: [35mGET /hello[39m
2025-05-30 11:31:27:3127 [[32minfo[39m]: [32mHello endpoint called[39m
2025-05-30 11:31:27:3127 [[35mhttp[39m]: [35mGET /health[39m
2025-05-30 11:31:27:3127 [[35mhttp[39m]: [35mGET /health[39m
2025-05-30 11:31:27:3127 [[35mhttp[39m]: [35mGET /health[39m
2025-05-30 11:31:28:3128 [[35mhttp[39m]: [35mGET /health[39m
2025-05-30 11:31:28:3128 [[35mhttp[39m]: [35mGET /hello[39m
2025-05-30 11:31:28:3128 [[32minfo[39m]: [32mHello endpoint called[39m
2025-05-30 11:31:28:3128 [[35mhttp[39m]: [35mGET /health[39m
2025-05-30 11:31:28:3128 [[35mhttp[39m]: [35mGET /health[39m
2025-05-30 11:31:28:3128 [[35mhttp[39m]: [35mGET /health[39m
2025-05-30 11:31:31:3131 [[35mhttp[39m]: [35mGET /health[39m
2025-05-30 11:31:31:3131 [[35mhttp[39m]: [35mGET /routes-info[39m
2025-05-30 11:31:31:3131 [[32minfo[39m]: [32mRoutes info endpoint called[39m
2025-05-30 11:31:31:3131 [[35mhttp[39m]: [35mGET /health[39m
2025-05-30 11:31:31:3131 [[35mhttp[39m]: [35mGET /health[39m
2025-05-30 11:31:31:3131 [[35mhttp[39m]: [35mGET /health[39m
2025-05-30 11:31:32:3132 [[35mhttp[39m]: [35mGET /health[39m
2025-05-30 11:31:32:3132 [[35mhttp[39m]: [35mGET /hello[39m
2025-05-30 11:31:32:3132 [[32minfo[39m]: [32mHello endpoint called[39m
2025-05-30 11:31:32:3132 [[35mhttp[39m]: [35mGET /health[39m
2025-05-30 11:31:32:3132 [[35mhttp[39m]: [35mGET /health[39m
2025-05-30 11:31:32:3132 [[35mhttp[39m]: [35mGET /health[39m
2025-05-30 11:31:33:3133 [[35mhttp[39m]: [35mGET /health[39m
2025-05-30 11:31:33:3133 [[35mhttp[39m]: [35mGET /hello[39m
2025-05-30 11:31:33:3133 [[32minfo[39m]: [32mHello endpoint called[39m
2025-05-30 11:31:33:3133 [[35mhttp[39m]: [35mGET /health[39m
2025-05-30 11:31:33:3133 [[35mhttp[39m]: [35mGET /health[39m
2025-05-30 11:31:33:3133 [[35mhttp[39m]: [35mGET /health[39m
2025-05-30 11:31:36:3136 [[35mhttp[39m]: [35mGET /health[39m
2025-05-30 11:31:36:3136 [[35mhttp[39m]: [35mGET /routes-info[39m
2025-05-30 11:31:36:3136 [[32minfo[39m]: [32mRoutes info endpoint called[39m
2025-05-30 11:31:36:3136 [[35mhttp[39m]: [35mGET /health[39m
2025-05-30 11:31:36:3136 [[35mhttp[39m]: [35mGET /health[39m
2025-05-30 11:31:36:3136 [[35mhttp[39m]: [35mGET /health[39m
2025-05-30 11:31:37:3137 [[35mhttp[39m]: [35mGET /health[39m
2025-05-30 11:31:37:3137 [[35mhttp[39m]: [35mGET /hello[39m
2025-05-30 11:31:37:3137 [[32minfo[39m]: [32mHello endpoint called[39m
2025-05-30 11:31:37:3137 [[35mhttp[39m]: [35mGET /health[39m
2025-05-30 11:31:37:3137 [[35mhttp[39m]: [35mGET /health[39m
2025-05-30 11:31:37:3137 [[35mhttp[39m]: [35mGET /health[39m
2025-05-30 11:31:37:3137 [[35mhttp[39m]: [35mGET /health[39m
2025-05-30 11:31:37:3137 [[35mhttp[39m]: [35mGET /hello[39m
2025-05-30 11:31:37:3137 [[32minfo[39m]: [32mHello endpoint called[39m
2025-05-30 11:31:37:3137 [[35mhttp[39m]: [35mGET /health[39m
2025-05-30 11:31:37:3137 [[35mhttp[39m]: [35mGET /health[39m
2025-05-30 11:31:37:3137 [[35mhttp[39m]: [35mGET /health[39m
2025-05-30 11:31:41:3141 [[35mhttp[39m]: [35mGET /health[39m
2025-05-30 11:31:41:3141 [[35mhttp[39m]: [35mGET /routes-info[39m
2025-05-30 11:31:41:3141 [[32minfo[39m]: [32mRoutes info endpoint called[39m
2025-05-30 11:31:41:3141 [[35mhttp[39m]: [35mGET /health[39m
2025-05-30 11:31:41:3141 [[35mhttp[39m]: [35mGET /health[39m
2025-05-30 11:31:41:3141 [[35mhttp[39m]: [35mGET /health[39m
2025-05-30 11:31:42:3142 [[35mhttp[39m]: [35mGET /health[39m
2025-05-30 11:31:42:3142 [[35mhttp[39m]: [35mGET /hello[39m
2025-05-30 11:31:42:3142 [[32minfo[39m]: [32mHello endpoint called[39m
2025-05-30 11:31:42:3142 [[35mhttp[39m]: [35mGET /health[39m
2025-05-30 11:31:42:3142 [[35mhttp[39m]: [35mGET /health[39m
2025-05-30 11:31:42:3142 [[35mhttp[39m]: [35mGET /hello[39m
2025-05-30 11:31:42:3142 [[32minfo[39m]: [32mHello endpoint called[39m
2025-05-30 11:31:42:3142 [[35mhttp[39m]: [35mGET /health[39m
2025-05-30 11:31:42:3142 [[35mhttp[39m]: [35mGET /health[39m
2025-05-30 11:31:42:3142 [[35mhttp[39m]: [35mGET /health[39m
2025-05-30 11:31:42:3142 [[35mhttp[39m]: [35mGET /health[39m
2025-05-30 11:31:42:3142 [[35mhttp[39m]: [35mGET /health[39m
2025-05-30 11:31:42:3142 [[35mhttp[39m]: [35mGET /health[39m
2025-05-30 11:31:42:3142 [[35mhttp[39m]: [35mGET /health[39m
2025-05-30 11:31:42:3142 [[35mhttp[39m]: [35mGET /routes-info[39m
2025-05-30 11:31:42:3142 [[32minfo[39m]: [32mRoutes info endpoint called[39m
2025-05-30 11:31:42:3142 [[35mhttp[39m]: [35mGET /health[39m
2025-05-30 11:31:42:3142 [[35mhttp[39m]: [35mGET /health[39m
2025-05-30 11:31:42:3142 [[35mhttp[39m]: [35mGET /health[39m
2025-05-30 11:31:47:3147 [[35mhttp[39m]: [35mGET /health[39m
2025-05-30 11:31:47:3147 [[35mhttp[39m]: [35mGET /health[39m
2025-05-30 11:31:47:3147 [[35mhttp[39m]: [35mGET /hello[39m
2025-05-30 11:31:47:3147 [[32minfo[39m]: [32mHello endpoint called[39m
2025-05-30 11:31:47:3147 [[35mhttp[39m]: [35mGET /hello[39m
2025-05-30 11:31:47:3147 [[32minfo[39m]: [32mHello endpoint called[39m
2025-05-30 11:31:47:3147 [[35mhttp[39m]: [35mGET /hello[39m
2025-05-30 11:31:47:3147 [[32minfo[39m]: [32mHello endpoint called[39m
2025-05-30 11:31:47:3147 [[35mhttp[39m]: [35mGET /health[39m
2025-05-30 11:31:47:3147 [[35mhttp[39m]: [35mGET /health[39m
2025-05-30 11:31:47:3147 [[35mhttp[39m]: [35mGET /health[39m
2025-05-30 11:31:47:3147 [[35mhttp[39m]: [35mGET /health[39m
2025-05-30 11:31:47:3147 [[35mhttp[39m]: [35mGET /health[39m
2025-05-30 11:31:47:3147 [[35mhttp[39m]: [35mGET /health[39m
2025-05-30 11:31:47:3147 [[35mhttp[39m]: [35mGET /health[39m
2025-05-30 11:31:47:3147 [[35mhttp[39m]: [35mGET /routes-info[39m
2025-05-30 11:31:47:3147 [[32minfo[39m]: [32mRoutes info endpoint called[39m
2025-05-30 11:31:47:3147 [[35mhttp[39m]: [35mGET /health[39m
2025-05-30 11:31:47:3147 [[35mhttp[39m]: [35mGET /health[39m
2025-05-30 11:31:47:3147 [[35mhttp[39m]: [35mGET /health[39m
2025-05-30 11:31:48:3148 [[35mhttp[39m]: [35mGET /health[39m
2025-05-30 11:31:48:3148 [[35mhttp[39m]: [35mGET /hello[39m
2025-05-30 11:31:48:3148 [[32minfo[39m]: [32mHello endpoint called[39m
2025-05-30 11:31:48:3148 [[35mhttp[39m]: [35mGET /health[39m
2025-05-30 11:31:48:3148 [[35mhttp[39m]: [35mGET /health[39m
2025-05-30 11:31:48:3148 [[35mhttp[39m]: [35mGET /health[39m
2025-05-30 11:31:49:3149 [[35mhttp[39m]: [35mGET /health[39m
2025-05-30 11:31:49:3149 [[35mhttp[39m]: [35mGET /hello[39m
2025-05-30 11:31:49:3149 [[32minfo[39m]: [32mHello endpoint called[39m
2025-05-30 11:31:49:3149 [[35mhttp[39m]: [35mGET /health[39m
2025-05-30 11:31:49:3149 [[35mhttp[39m]: [35mGET /health[39m
2025-05-30 11:31:49:3149 [[35mhttp[39m]: [35mGET /health[39m
2025-05-30 11:31:52:3152 [[35mhttp[39m]: [35mGET /health[39m
2025-05-30 11:31:52:3152 [[35mhttp[39m]: [35mGET /routes-info[39m
2025-05-30 11:31:52:3152 [[32minfo[39m]: [32mRoutes info endpoint called[39m
2025-05-30 11:31:52:3152 [[35mhttp[39m]: [35mGET /health[39m
2025-05-30 11:31:52:3152 [[35mhttp[39m]: [35mGET /health[39m
2025-05-30 11:31:52:3152 [[35mhttp[39m]: [35mGET /health[39m
2025-05-30 11:31:53:3153 [[35mhttp[39m]: [35mGET /health[39m
2025-05-30 11:31:53:3153 [[35mhttp[39m]: [35mGET /hello[39m
2025-05-30 11:31:53:3153 [[32minfo[39m]: [32mHello endpoint called[39m
2025-05-30 11:31:53:3153 [[35mhttp[39m]: [35mGET /health[39m
2025-05-30 11:31:53:3153 [[35mhttp[39m]: [35mGET /health[39m
2025-05-30 11:31:53:3153 [[35mhttp[39m]: [35mGET /health[39m
2025-05-30 11:31:54:3154 [[35mhttp[39m]: [35mGET /health[39m
2025-05-30 11:31:54:3154 [[35mhttp[39m]: [35mGET /hello[39m
2025-05-30 11:31:54:3154 [[32minfo[39m]: [32mHello endpoint called[39m
2025-05-30 11:31:54:3154 [[35mhttp[39m]: [35mGET /health[39m
2025-05-30 11:31:54:3154 [[35mhttp[39m]: [35mGET /health[39m
2025-05-30 11:31:54:3154 [[35mhttp[39m]: [35mGET /health[39m
2025-05-30 11:31:57:3157 [[35mhttp[39m]: [35mGET /health[39m
2025-05-30 11:31:57:3157 [[35mhttp[39m]: [35mGET /routes-info[39m
2025-05-30 11:31:57:3157 [[32minfo[39m]: [32mRoutes info endpoint called[39m
2025-05-30 11:31:57:3157 [[35mhttp[39m]: [35mGET /health[39m
2025-05-30 11:31:57:3157 [[35mhttp[39m]: [35mGET /health[39m
2025-05-30 11:31:57:3157 [[35mhttp[39m]: [35mGET /health[39m
2025-05-30 11:31:58:3158 [[35mhttp[39m]: [35mGET /health[39m
2025-05-30 11:31:58:3158 [[35mhttp[39m]: [35mGET /hello[39m
2025-05-30 11:31:58:3158 [[32minfo[39m]: [32mHello endpoint called[39m
2025-05-30 11:31:58:3158 [[35mhttp[39m]: [35mGET /health[39m
2025-05-30 11:31:58:3158 [[35mhttp[39m]: [35mGET /health[39m
2025-05-30 11:31:58:3158 [[35mhttp[39m]: [35mGET /health[39m
2025-05-30 11:31:58:3158 [[35mhttp[39m]: [35mGET /health[39m
2025-05-30 11:31:58:3158 [[35mhttp[39m]: [35mGET /hello[39m
2025-05-30 11:31:58:3158 [[32minfo[39m]: [32mHello endpoint called[39m
2025-05-30 11:31:58:3158 [[35mhttp[39m]: [35mGET /health[39m
2025-05-30 11:31:58:3158 [[35mhttp[39m]: [35mGET /health[39m
2025-05-30 11:31:58:3158 [[35mhttp[39m]: [35mGET /health[39m
2025-05-30 11:32:02:322 [[35mhttp[39m]: [35mGET /health[39m
2025-05-30 11:32:02:322 [[35mhttp[39m]: [35mGET /routes-info[39m
2025-05-30 11:32:02:322 [[32minfo[39m]: [32mRoutes info endpoint called[39m
2025-05-30 11:32:02:322 [[35mhttp[39m]: [35mGET /health[39m
2025-05-30 11:32:02:322 [[35mhttp[39m]: [35mGET /health[39m
2025-05-30 11:32:02:322 [[35mhttp[39m]: [35mGET /health[39m
2025-05-30 11:32:03:323 [[35mhttp[39m]: [35mGET /health[39m
2025-05-30 11:32:03:323 [[35mhttp[39m]: [35mGET /hello[39m
2025-05-30 11:32:03:323 [[32minfo[39m]: [32mHello endpoint called[39m
2025-05-30 11:32:03:323 [[35mhttp[39m]: [35mGET /health[39m
2025-05-30 11:32:03:323 [[35mhttp[39m]: [35mGET /health[39m
2025-05-30 11:32:03:323 [[35mhttp[39m]: [35mGET /health[39m
2025-05-30 11:32:03:323 [[35mhttp[39m]: [35mGET /health[39m
2025-05-30 11:32:03:323 [[35mhttp[39m]: [35mGET /hello[39m
2025-05-30 11:32:03:323 [[32minfo[39m]: [32mHello endpoint called[39m
2025-05-30 11:32:03:323 [[35mhttp[39m]: [35mGET /health[39m
2025-05-30 11:32:03:323 [[35mhttp[39m]: [35mGET /health[39m
2025-05-30 11:32:03:323 [[35mhttp[39m]: [35mGET /health[39m
2025-05-30 11:32:03:323 [[35mhttp[39m]: [35mGET /health[39m
2025-05-30 11:32:03:323 [[35mhttp[39m]: [35mGET /routes-info[39m
2025-05-30 11:32:03:323 [[32minfo[39m]: [32mRoutes info endpoint called[39m
2025-05-30 11:32:03:323 [[35mhttp[39m]: [35mGET /health[39m
2025-05-30 11:32:03:323 [[35mhttp[39m]: [35mGET /health[39m
2025-05-30 11:32:03:323 [[35mhttp[39m]: [35mGET /health[39m
2025-05-30 11:32:08:328 [[35mhttp[39m]: [35mGET /health[39m
2025-05-30 11:32:08:328 [[35mhttp[39m]: [35mGET /hello[39m
2025-05-30 11:32:08:328 [[32minfo[39m]: [32mHello endpoint called[39m
2025-05-30 11:32:08:328 [[35mhttp[39m]: [35mGET /health[39m
2025-05-30 11:32:08:328 [[35mhttp[39m]: [35mGET /health[39m
2025-05-30 11:32:08:328 [[35mhttp[39m]: [35mGET /health[39m
2025-05-30 11:32:08:328 [[35mhttp[39m]: [35mGET /hello[39m
2025-05-30 11:32:08:328 [[32minfo[39m]: [32mHello endpoint called[39m
2025-05-30 11:32:08:328 [[35mhttp[39m]: [35mGET /routes-info[39m
2025-05-30 11:32:08:328 [[32minfo[39m]: [32mRoutes info endpoint called[39m
2025-05-30 11:32:08:328 [[35mhttp[39m]: [35mGET /health[39m
2025-05-30 11:32:08:328 [[35mhttp[39m]: [35mGET /health[39m
2025-05-30 11:32:08:328 [[35mhttp[39m]: [35mGET /health[39m
2025-05-30 11:32:08:328 [[35mhttp[39m]: [35mGET /health[39m
2025-05-30 11:32:08:328 [[35mhttp[39m]: [35mGET /health[39m
2025-05-30 11:32:08:328 [[35mhttp[39m]: [35mGET /health[39m
2025-05-30 11:32:08:328 [[35mhttp[39m]: [35mGET /health[39m
2025-05-30 11:32:08:328 [[35mhttp[39m]: [35mGET /health[39m
2025-05-30 11:32:08:328 [[35mhttp[39m]: [35mGET /health[39m
2025-05-30 11:32:08:328 [[35mhttp[39m]: [35mGET /health[39m
2025-05-30 11:32:09:329 [[35mhttp[39m]: [35mGET /health[39m
2025-05-30 11:32:09:329 [[35mhttp[39m]: [35mGET /hello[39m
2025-05-30 11:32:09:329 [[32minfo[39m]: [32mHello endpoint called[39m
2025-05-30 11:32:09:329 [[35mhttp[39m]: [35mGET /health[39m
2025-05-30 11:32:09:329 [[35mhttp[39m]: [35mGET /health[39m
2025-05-30 11:32:09:329 [[35mhttp[39m]: [35mGET /health[39m
2025-05-30 11:32:10:3210 [[35mhttp[39m]: [35mGET /health[39m
2025-05-30 11:32:10:3210 [[35mhttp[39m]: [35mGET /hello[39m
2025-05-30 11:32:10:3210 [[32minfo[39m]: [32mHello endpoint called[39m
2025-05-30 11:32:10:3210 [[35mhttp[39m]: [35mGET /health[39m
2025-05-30 11:32:10:3210 [[35mhttp[39m]: [35mGET /health[39m
2025-05-30 11:32:10:3210 [[35mhttp[39m]: [35mGET /health[39m
2025-05-30 11:32:13:3213 [[35mhttp[39m]: [35mGET /health[39m
2025-05-30 11:32:13:3213 [[35mhttp[39m]: [35mGET /routes-info[39m
2025-05-30 11:32:13:3213 [[32minfo[39m]: [32mRoutes info endpoint called[39m
2025-05-30 11:32:13:3213 [[35mhttp[39m]: [35mGET /health[39m
2025-05-30 11:32:14:3214 [[35mhttp[39m]: [35mGET /health[39m
2025-05-30 11:32:14:3214 [[35mhttp[39m]: [35mGET /health[39m
2025-05-30 11:32:14:3214 [[35mhttp[39m]: [35mGET /health[39m
2025-05-30 11:32:14:3214 [[35mhttp[39m]: [35mGET /hello[39m
2025-05-30 11:32:14:3214 [[32minfo[39m]: [32mHello endpoint called[39m
2025-05-30 11:32:14:3214 [[35mhttp[39m]: [35mGET /health[39m
2025-05-30 11:32:14:3214 [[35mhttp[39m]: [35mGET /health[39m
2025-05-30 11:32:14:3214 [[35mhttp[39m]: [35mGET /health[39m
2025-05-30 11:32:15:3215 [[35mhttp[39m]: [35mGET /health[39m
2025-05-30 11:32:15:3215 [[35mhttp[39m]: [35mGET /hello[39m
2025-05-30 11:32:15:3215 [[32minfo[39m]: [32mHello endpoint called[39m
2025-05-30 11:32:15:3215 [[35mhttp[39m]: [35mGET /health[39m
2025-05-30 11:32:15:3215 [[35mhttp[39m]: [35mGET /health[39m
2025-05-30 11:32:15:3215 [[35mhttp[39m]: [35mGET /health[39m
2025-05-30 11:32:19:3219 [[35mhttp[39m]: [35mGET /health[39m
2025-05-30 11:32:19:3219 [[35mhttp[39m]: [35mGET /routes-info[39m
2025-05-30 11:32:19:3219 [[32minfo[39m]: [32mRoutes info endpoint called[39m
2025-05-30 11:32:19:3219 [[35mhttp[39m]: [35mGET /health[39m
2025-05-30 11:32:19:3219 [[35mhttp[39m]: [35mGET /health[39m
2025-05-30 11:32:19:3219 [[35mhttp[39m]: [35mGET /health[39m
2025-05-30 11:32:19:3219 [[35mhttp[39m]: [35mGET /health[39m
2025-05-30 11:32:19:3219 [[35mhttp[39m]: [35mGET /hello[39m
2025-05-30 11:32:19:3219 [[32minfo[39m]: [32mHello endpoint called[39m
2025-05-30 11:32:19:3219 [[35mhttp[39m]: [35mGET /health[39m
2025-05-30 11:32:19:3219 [[35mhttp[39m]: [35mGET /health[39m
2025-05-30 11:32:19:3219 [[35mhttp[39m]: [35mGET /health[39m
2025-05-30 11:32:20:3220 [[35mhttp[39m]: [35mGET /health[39m
2025-05-30 11:32:20:3220 [[35mhttp[39m]: [35mGET /hello[39m
2025-05-30 11:32:20:3220 [[32minfo[39m]: [32mHello endpoint called[39m
2025-05-30 11:32:20:3220 [[35mhttp[39m]: [35mGET /health[39m
2025-05-30 11:32:20:3220 [[35mhttp[39m]: [35mGET /health[39m
2025-05-30 11:32:20:3220 [[35mhttp[39m]: [35mGET /health[39m
2025-05-30 11:32:24:3224 [[35mhttp[39m]: [35mGET /health[39m
2025-05-30 11:32:24:3224 [[35mhttp[39m]: [35mGET /routes-info[39m
2025-05-30 11:32:24:3224 [[32minfo[39m]: [32mRoutes info endpoint called[39m
2025-05-30 11:32:24:3224 [[35mhttp[39m]: [35mGET /health[39m
2025-05-30 11:32:24:3224 [[35mhttp[39m]: [35mGET /health[39m
2025-05-30 11:32:24:3224 [[35mhttp[39m]: [35mGET /health[39m
2025-05-30 11:32:24:3224 [[35mhttp[39m]: [35mGET /health[39m
2025-05-30 11:32:24:3224 [[35mhttp[39m]: [35mGET /hello[39m
2025-05-30 11:32:24:3224 [[32minfo[39m]: [32mHello endpoint called[39m
2025-05-30 11:32:24:3224 [[35mhttp[39m]: [35mGET /health[39m
2025-05-30 11:32:25:3225 [[35mhttp[39m]: [35mGET /health[39m
2025-05-30 11:32:25:3225 [[35mhttp[39m]: [35mGET /health[39m
2025-05-30 11:32:25:3225 [[35mhttp[39m]: [35mGET /health[39m
2025-05-30 11:32:25:3225 [[35mhttp[39m]: [35mGET /hello[39m
2025-05-30 11:32:25:3225 [[32minfo[39m]: [32mHello endpoint called[39m
2025-05-30 11:32:25:3225 [[35mhttp[39m]: [35mGET /health[39m
2025-05-30 11:32:25:3225 [[35mhttp[39m]: [35mGET /health[39m
2025-05-30 11:32:25:3225 [[35mhttp[39m]: [35mGET /health[39m
2025-05-30 11:32:29:3229 [[35mhttp[39m]: [35mGET /health[39m
2025-05-30 11:32:29:3229 [[35mhttp[39m]: [35mGET /routes-info[39m
2025-05-30 11:32:29:3229 [[32minfo[39m]: [32mRoutes info endpoint called[39m
2025-05-30 11:32:29:3229 [[35mhttp[39m]: [35mGET /health[39m
2025-05-30 11:32:29:3229 [[35mhttp[39m]: [35mGET /health[39m
2025-05-30 11:32:29:3229 [[35mhttp[39m]: [35mGET /health[39m
2025-05-30 11:32:30:3230 [[35mhttp[39m]: [35mGET /health[39m
2025-05-30 11:32:30:3230 [[35mhttp[39m]: [35mGET /hello[39m
2025-05-30 11:32:30:3230 [[32minfo[39m]: [32mHello endpoint called[39m
2025-05-30 11:32:30:3230 [[35mhttp[39m]: [35mGET /health[39m
2025-05-30 11:32:30:3230 [[35mhttp[39m]: [35mGET /health[39m
2025-05-30 11:32:30:3230 [[35mhttp[39m]: [35mGET /health[39m
2025-05-30 11:32:30:3230 [[35mhttp[39m]: [35mGET /health[39m
2025-05-30 11:32:30:3230 [[35mhttp[39m]: [35mGET /hello[39m
2025-05-30 11:32:30:3230 [[32minfo[39m]: [32mHello endpoint called[39m
2025-05-30 11:32:30:3230 [[35mhttp[39m]: [35mGET /health[39m
2025-05-30 11:32:30:3230 [[35mhttp[39m]: [35mGET /health[39m
2025-05-30 11:32:30:3230 [[35mhttp[39m]: [35mGET /health[39m
2025-05-30 11:32:30:3230 [[35mhttp[39m]: [35mGET /health[39m
2025-05-30 11:32:30:3230 [[35mhttp[39m]: [35mGET /routes-info[39m
2025-05-30 11:32:30:3230 [[32minfo[39m]: [32mRoutes info endpoint called[39m
2025-05-30 11:32:30:3230 [[35mhttp[39m]: [35mGET /health[39m
2025-05-30 11:32:31:3231 [[35mhttp[39m]: [35mGET /health[39m
2025-05-30 11:32:31:3231 [[35mhttp[39m]: [35mGET /health[39m
2025-05-30 11:32:31:3231 [[35mhttp[39m]: [35mGET /health[39m
2025-05-30 11:32:31:3231 [[35mhttp[39m]: [35mGET /hello[39m
2025-05-30 11:32:31:3231 [[32minfo[39m]: [32mHello endpoint called[39m
2025-05-30 11:32:31:3231 [[35mhttp[39m]: [35mGET /health[39m
2025-05-30 11:32:31:3231 [[35mhttp[39m]: [35mGET /health[39m
2025-05-30 11:32:31:3231 [[35mhttp[39m]: [35mGET /health[39m
2025-05-30 11:32:35:3235 [[35mhttp[39m]: [35mGET /health[39m
2025-05-30 11:32:35:3235 [[35mhttp[39m]: [35mGET /hello[39m
2025-05-30 11:32:35:3235 [[32minfo[39m]: [32mHello endpoint called[39m
2025-05-30 11:32:35:3235 [[35mhttp[39m]: [35mGET /health[39m
2025-05-30 11:32:35:3235 [[35mhttp[39m]: [35mGET /health[39m
2025-05-30 11:32:35:3235 [[35mhttp[39m]: [35mGET /health[39m
2025-05-30 11:32:35:3235 [[35mhttp[39m]: [35mGET /health[39m
2025-05-30 11:32:35:3235 [[35mhttp[39m]: [35mGET /routes-info[39m
2025-05-30 11:32:35:3235 [[32minfo[39m]: [32mRoutes info endpoint called[39m
2025-05-30 11:32:35:3235 [[35mhttp[39m]: [35mGET /health[39m
2025-05-30 11:32:35:3235 [[35mhttp[39m]: [35mGET /health[39m
2025-05-30 11:32:35:3235 [[35mhttp[39m]: [35mGET /health[39m
2025-05-30 11:32:36:3236 [[35mhttp[39m]: [35mGET /health[39m
2025-05-30 11:32:36:3236 [[35mhttp[39m]: [35mGET /hello[39m
2025-05-30 11:32:36:3236 [[32minfo[39m]: [32mHello endpoint called[39m
2025-05-30 11:32:36:3236 [[35mhttp[39m]: [35mGET /health[39m
2025-05-30 11:32:36:3236 [[35mhttp[39m]: [35mGET /health[39m
2025-05-30 11:32:36:3236 [[35mhttp[39m]: [35mGET /health[39m
2025-05-30 11:32:40:3240 [[35mhttp[39m]: [35mGET /health[39m
2025-05-30 11:32:40:3240 [[35mhttp[39m]: [35mGET /hello[39m
2025-05-30 11:32:40:3240 [[32minfo[39m]: [32mHello endpoint called[39m
2025-05-30 11:32:40:3240 [[35mhttp[39m]: [35mGET /health[39m
2025-05-30 11:32:40:3240 [[35mhttp[39m]: [35mGET /health[39m
2025-05-30 11:32:40:3240 [[35mhttp[39m]: [35mGET /health[39m
2025-05-30 11:32:40:3240 [[35mhttp[39m]: [35mGET /health[39m
2025-05-30 11:32:40:3240 [[35mhttp[39m]: [35mGET /routes-info[39m
2025-05-30 11:32:40:3240 [[32minfo[39m]: [32mRoutes info endpoint called[39m
2025-05-30 11:32:40:3240 [[35mhttp[39m]: [35mGET /health[39m
2025-05-30 11:32:40:3240 [[35mhttp[39m]: [35mGET /health[39m
2025-05-30 11:32:40:3240 [[35mhttp[39m]: [35mGET /health[39m
2025-05-30 11:32:41:3241 [[35mhttp[39m]: [35mGET /health[39m
2025-05-30 11:32:41:3241 [[35mhttp[39m]: [35mGET /hello[39m
2025-05-30 11:32:41:3241 [[32minfo[39m]: [32mHello endpoint called[39m
2025-05-30 11:32:41:3241 [[35mhttp[39m]: [35mGET /health[39m
2025-05-30 11:32:41:3241 [[35mhttp[39m]: [35mGET /health[39m
2025-05-30 11:32:41:3241 [[35mhttp[39m]: [35mGET /health[39m
2025-05-30 11:32:46:3246 [[35mhttp[39m]: [35mGET /health[39m
2025-05-30 11:32:46:3246 [[35mhttp[39m]: [35mGET /health[39m
2025-05-30 11:32:46:3246 [[35mhttp[39m]: [35mGET /health[39m
2025-05-30 11:32:46:3246 [[35mhttp[39m]: [35mGET /hello[39m
2025-05-30 11:32:46:3246 [[32minfo[39m]: [32mHello endpoint called[39m
2025-05-30 11:32:46:3246 [[35mhttp[39m]: [35mGET /routes-info[39m
2025-05-30 11:32:46:3246 [[32minfo[39m]: [32mRoutes info endpoint called[39m
2025-05-30 11:32:46:3246 [[35mhttp[39m]: [35mGET /hello[39m
2025-05-30 11:32:46:3246 [[32minfo[39m]: [32mHello endpoint called[39m
2025-05-30 11:32:46:3246 [[35mhttp[39m]: [35mGET /health[39m
2025-05-30 11:32:46:3246 [[35mhttp[39m]: [35mGET /health[39m
2025-05-30 11:32:46:3246 [[35mhttp[39m]: [35mGET /health[39m
2025-05-30 11:32:46:3246 [[35mhttp[39m]: [35mGET /health[39m
2025-05-30 11:32:46:3246 [[35mhttp[39m]: [35mGET /health[39m
2025-05-30 11:32:46:3246 [[35mhttp[39m]: [35mGET /health[39m
2025-05-30 11:32:46:3246 [[35mhttp[39m]: [35mGET /health[39m
2025-05-30 11:32:46:3246 [[35mhttp[39m]: [35mGET /health[39m
2025-05-30 11:32:46:3246 [[35mhttp[39m]: [35mGET /health[39m
2025-05-30 11:32:46:3246 [[35mhttp[39m]: [35mGET /health[39m
2025-05-30 11:32:46:3246 [[35mhttp[39m]: [35mGET /health[39m
2025-05-30 11:32:46:3246 [[35mhttp[39m]: [35mGET /health[39m
2025-05-30 11:32:51:3251 [[35mhttp[39m]: [35mGET /health[39m
2025-05-30 11:32:51:3251 [[35mhttp[39m]: [35mGET /hello[39m
2025-05-30 11:32:51:3251 [[32minfo[39m]: [32mHello endpoint called[39m
2025-05-30 11:32:51:3251 [[35mhttp[39m]: [35mGET /health[39m
2025-05-30 11:32:51:3251 [[35mhttp[39m]: [35mGET /health[39m
2025-05-30 11:32:51:3251 [[35mhttp[39m]: [35mGET /health[39m
2025-05-30 11:32:51:3251 [[35mhttp[39m]: [35mGET /health[39m
2025-05-30 11:32:51:3251 [[35mhttp[39m]: [35mGET /routes-info[39m
2025-05-30 11:32:51:3251 [[32minfo[39m]: [32mRoutes info endpoint called[39m
2025-05-30 11:32:51:3251 [[35mhttp[39m]: [35mGET /health[39m
2025-05-30 11:32:51:3251 [[35mhttp[39m]: [35mGET /health[39m
2025-05-30 11:32:51:3251 [[35mhttp[39m]: [35mGET /hello[39m
2025-05-30 11:32:51:3251 [[32minfo[39m]: [32mHello endpoint called[39m
2025-05-30 11:32:51:3251 [[35mhttp[39m]: [35mGET /health[39m
2025-05-30 11:32:51:3251 [[35mhttp[39m]: [35mGET /health[39m
2025-05-30 11:32:51:3251 [[35mhttp[39m]: [35mGET /health[39m
2025-05-30 11:32:51:3251 [[35mhttp[39m]: [35mGET /health[39m
2025-05-30 11:32:51:3251 [[35mhttp[39m]: [35mGET /health[39m
2025-05-30 11:32:51:3251 [[35mhttp[39m]: [35mGET /health[39m
2025-05-30 11:32:51:3251 [[35mhttp[39m]: [35mGET /health[39m
2025-05-30 11:32:51:3251 [[35mhttp[39m]: [35mGET /hello[39m
2025-05-30 11:32:51:3251 [[32minfo[39m]: [32mHello endpoint called[39m
2025-05-30 11:32:51:3251 [[35mhttp[39m]: [35mGET /health[39m
2025-05-30 11:32:52:3252 [[35mhttp[39m]: [35mGET /health[39m
2025-05-30 11:32:52:3252 [[35mhttp[39m]: [35mGET /health[39m
2025-05-30 11:32:52:3252 [[35mhttp[39m]: [35mGET /health[39m
2025-05-30 11:32:52:3252 [[35mhttp[39m]: [35mGET /routes-info[39m
2025-05-30 11:32:52:3252 [[32minfo[39m]: [32mRoutes info endpoint called[39m
2025-05-30 11:32:52:3252 [[35mhttp[39m]: [35mGET /health[39m
2025-05-30 11:32:52:3252 [[35mhttp[39m]: [35mGET /health[39m
2025-05-30 11:32:52:3252 [[35mhttp[39m]: [35mGET /health[39m
2025-05-30 11:32:56:3256 [[35mhttp[39m]: [35mGET /health[39m
2025-05-30 11:32:56:3256 [[35mhttp[39m]: [35mGET /hello[39m
2025-05-30 11:32:56:3256 [[32minfo[39m]: [32mHello endpoint called[39m
2025-05-30 11:32:56:3256 [[35mhttp[39m]: [35mGET /health[39m
2025-05-30 11:32:56:3256 [[35mhttp[39m]: [35mGET /health[39m
2025-05-30 11:32:56:3256 [[35mhttp[39m]: [35mGET /health[39m
2025-05-30 11:32:57:3257 [[35mhttp[39m]: [35mGET /health[39m
2025-05-30 11:32:57:3257 [[35mhttp[39m]: [35mGET /hello[39m
2025-05-30 11:32:57:3257 [[32minfo[39m]: [32mHello endpoint called[39m
2025-05-30 11:32:57:3257 [[35mhttp[39m]: [35mGET /health[39m
2025-05-30 11:32:57:3257 [[35mhttp[39m]: [35mGET /health[39m
2025-05-30 11:32:57:3257 [[35mhttp[39m]: [35mGET /health[39m
2025-05-30 11:32:57:3257 [[35mhttp[39m]: [35mGET /health[39m
2025-05-30 11:32:57:3257 [[35mhttp[39m]: [35mGET /routes-info[39m
2025-05-30 11:32:57:3257 [[32minfo[39m]: [32mRoutes info endpoint called[39m
2025-05-30 11:32:57:3257 [[35mhttp[39m]: [35mGET /health[39m
2025-05-30 11:32:57:3257 [[35mhttp[39m]: [35mGET /health[39m
2025-05-30 11:32:57:3257 [[35mhttp[39m]: [35mGET /health[39m
2025-05-30 11:33:01:331 [[35mhttp[39m]: [35mGET /health[39m
2025-05-30 11:33:01:331 [[35mhttp[39m]: [35mGET /hello[39m
2025-05-30 11:33:01:331 [[32minfo[39m]: [32mHello endpoint called[39m
2025-05-30 11:33:01:331 [[35mhttp[39m]: [35mGET /health[39m
2025-05-30 11:33:02:332 [[35mhttp[39m]: [35mGET /health[39m
2025-05-30 11:33:02:332 [[35mhttp[39m]: [35mGET /health[39m
2025-05-30 11:33:02:332 [[35mhttp[39m]: [35mGET /health[39m
2025-05-30 11:33:02:332 [[35mhttp[39m]: [35mGET /hello[39m
2025-05-30 11:33:02:332 [[32minfo[39m]: [32mHello endpoint called[39m
2025-05-30 11:33:02:332 [[35mhttp[39m]: [35mGET /health[39m
2025-05-30 11:33:02:332 [[35mhttp[39m]: [35mGET /health[39m
2025-05-30 11:33:02:332 [[35mhttp[39m]: [35mGET /health[39m
2025-05-30 11:33:02:332 [[35mhttp[39m]: [35mGET /health[39m
2025-05-30 11:33:02:332 [[35mhttp[39m]: [35mGET /routes-info[39m
2025-05-30 11:33:02:332 [[32minfo[39m]: [32mRoutes info endpoint called[39m
2025-05-30 11:33:02:332 [[35mhttp[39m]: [35mGET /health[39m
2025-05-30 11:33:02:332 [[35mhttp[39m]: [35mGET /health[39m
2025-05-30 11:33:02:332 [[35mhttp[39m]: [35mGET /health[39m
2025-05-30 11:33:07:337 [[35mhttp[39m]: [35mGET /health[39m
2025-05-30 11:33:07:337 [[35mhttp[39m]: [35mGET /hello[39m
2025-05-30 11:33:07:337 [[32minfo[39m]: [32mHello endpoint called[39m
2025-05-30 11:33:07:337 [[35mhttp[39m]: [35mGET /health[39m
2025-05-30 11:33:07:337 [[35mhttp[39m]: [35mGET /health[39m
2025-05-30 11:33:07:337 [[35mhttp[39m]: [35mGET /health[39m
2025-05-30 11:33:07:337 [[35mhttp[39m]: [35mGET /health[39m
2025-05-30 11:33:07:337 [[35mhttp[39m]: [35mGET /hello[39m
2025-05-30 11:33:07:337 [[32minfo[39m]: [32mHello endpoint called[39m
2025-05-30 11:33:07:337 [[35mhttp[39m]: [35mGET /health[39m
2025-05-30 11:33:07:337 [[35mhttp[39m]: [35mGET /health[39m
2025-05-30 11:33:07:337 [[35mhttp[39m]: [35mGET /health[39m
2025-05-30 11:33:07:337 [[35mhttp[39m]: [35mGET /health[39m
2025-05-30 11:33:07:337 [[35mhttp[39m]: [35mGET /routes-info[39m
2025-05-30 11:33:07:337 [[32minfo[39m]: [32mRoutes info endpoint called[39m
2025-05-30 11:33:07:337 [[35mhttp[39m]: [35mGET /health[39m
2025-05-30 11:33:07:337 [[35mhttp[39m]: [35mGET /health[39m
2025-05-30 11:33:07:337 [[35mhttp[39m]: [35mGET /health[39m
2025-05-30 11:33:12:3312 [[35mhttp[39m]: [35mGET /health[39m
2025-05-30 11:33:12:3312 [[35mhttp[39m]: [35mGET /health[39m
2025-05-30 11:33:12:3312 [[35mhttp[39m]: [35mGET /health[39m
2025-05-30 11:33:12:3312 [[35mhttp[39m]: [35mGET /hello[39m
2025-05-30 11:33:12:3312 [[32minfo[39m]: [32mHello endpoint called[39m
2025-05-30 11:33:12:3312 [[35mhttp[39m]: [35mGET /hello[39m
2025-05-30 11:33:12:3312 [[32minfo[39m]: [32mHello endpoint called[39m
2025-05-30 11:33:12:3312 [[35mhttp[39m]: [35mGET /routes-info[39m
2025-05-30 11:33:12:3312 [[32minfo[39m]: [32mRoutes info endpoint called[39m
2025-05-30 11:33:12:3312 [[35mhttp[39m]: [35mGET /hello[39m
2025-05-30 11:33:12:3312 [[32minfo[39m]: [32mHello endpoint called[39m
2025-05-30 11:33:12:3312 [[35mhttp[39m]: [35mGET /health[39m
2025-05-30 11:33:12:3312 [[35mhttp[39m]: [35mGET /health[39m
2025-05-30 11:33:12:3312 [[35mhttp[39m]: [35mGET /health[39m
2025-05-30 11:33:12:3312 [[35mhttp[39m]: [35mGET /health[39m
2025-05-30 11:33:12:3312 [[35mhttp[39m]: [35mGET /health[39m
2025-05-30 11:33:12:3312 [[35mhttp[39m]: [35mGET /health[39m
2025-05-30 11:33:12:3312 [[35mhttp[39m]: [35mGET /health[39m
2025-05-30 11:33:12:3312 [[35mhttp[39m]: [35mGET /health[39m
2025-05-30 11:33:12:3312 [[35mhttp[39m]: [35mGET /health[39m
2025-05-30 11:33:12:3312 [[35mhttp[39m]: [35mGET /health[39m
2025-05-30 11:33:12:3312 [[35mhttp[39m]: [35mGET /health[39m
2025-05-30 11:33:12:3312 [[35mhttp[39m]: [35mGET /health[39m
2025-05-30 11:33:12:3312 [[35mhttp[39m]: [35mGET /health[39m
2025-05-30 11:33:13:3313 [[35mhttp[39m]: [35mGET /health[39m
2025-05-30 11:33:13:3313 [[35mhttp[39m]: [35mGET /hello[39m
2025-05-30 11:33:13:3313 [[32minfo[39m]: [32mHello endpoint called[39m
2025-05-30 11:33:13:3313 [[35mhttp[39m]: [35mGET /health[39m
2025-05-30 11:33:13:3313 [[35mhttp[39m]: [35mGET /health[39m
2025-05-30 11:33:13:3313 [[35mhttp[39m]: [35mGET /health[39m
2025-05-30 11:33:13:3313 [[35mhttp[39m]: [35mGET /health[39m
2025-05-30 11:33:13:3313 [[35mhttp[39m]: [35mGET /routes-info[39m
2025-05-30 11:33:13:3313 [[32minfo[39m]: [32mRoutes info endpoint called[39m
2025-05-30 11:33:13:3313 [[35mhttp[39m]: [35mGET /health[39m
2025-05-30 11:33:13:3313 [[35mhttp[39m]: [35mGET /health[39m
2025-05-30 11:33:13:3313 [[35mhttp[39m]: [35mGET /health[39m
2025-05-30 11:33:17:3317 [[35mhttp[39m]: [35mGET /health[39m
2025-05-30 11:33:17:3317 [[35mhttp[39m]: [35mGET /hello[39m
2025-05-30 11:33:17:3317 [[32minfo[39m]: [32mHello endpoint called[39m
2025-05-30 11:33:17:3317 [[35mhttp[39m]: [35mGET /health[39m
2025-05-30 11:33:17:3317 [[35mhttp[39m]: [35mGET /health[39m
2025-05-30 11:33:17:3317 [[35mhttp[39m]: [35mGET /health[39m
2025-05-30 11:33:18:3318 [[35mhttp[39m]: [35mGET /health[39m
2025-05-30 11:33:18:3318 [[35mhttp[39m]: [35mGET /hello[39m
2025-05-30 11:33:18:3318 [[32minfo[39m]: [32mHello endpoint called[39m
2025-05-30 11:33:18:3318 [[35mhttp[39m]: [35mGET /health[39m
2025-05-30 11:33:18:3318 [[35mhttp[39m]: [35mGET /health[39m
2025-05-30 11:33:18:3318 [[35mhttp[39m]: [35mGET /health[39m
2025-05-30 11:33:18:3318 [[35mhttp[39m]: [35mGET /health[39m
2025-05-30 11:33:18:3318 [[35mhttp[39m]: [35mGET /routes-info[39m
2025-05-30 11:33:18:3318 [[32minfo[39m]: [32mRoutes info endpoint called[39m
2025-05-30 11:33:18:3318 [[35mhttp[39m]: [35mGET /health[39m
2025-05-30 11:33:18:3318 [[35mhttp[39m]: [35mGET /health[39m
2025-05-30 11:33:18:3318 [[35mhttp[39m]: [35mGET /health[39m
2025-05-30 11:33:23:3323 [[35mhttp[39m]: [35mGET /health[39m
2025-05-30 11:33:23:3323 [[35mhttp[39m]: [35mGET /hello[39m
2025-05-30 11:33:23:3323 [[32minfo[39m]: [32mHello endpoint called[39m
2025-05-30 11:33:23:3323 [[35mhttp[39m]: [35mGET /health[39m
2025-05-30 11:33:23:3323 [[35mhttp[39m]: [35mGET /health[39m
2025-05-30 11:33:23:3323 [[35mhttp[39m]: [35mGET /health[39m
2025-05-30 11:33:23:3323 [[35mhttp[39m]: [35mGET /hello[39m
2025-05-30 11:33:23:3323 [[32minfo[39m]: [32mHello endpoint called[39m
2025-05-30 11:33:23:3323 [[35mhttp[39m]: [35mGET /health[39m
2025-05-30 11:33:23:3323 [[35mhttp[39m]: [35mGET /health[39m
2025-05-30 11:33:23:3323 [[35mhttp[39m]: [35mGET /health[39m
2025-05-30 11:33:23:3323 [[35mhttp[39m]: [35mGET /health[39m
2025-05-30 11:33:23:3323 [[35mhttp[39m]: [35mGET /health[39m
2025-05-30 11:33:23:3323 [[35mhttp[39m]: [35mGET /routes-info[39m
2025-05-30 11:33:23:3323 [[32minfo[39m]: [32mRoutes info endpoint called[39m
2025-05-30 11:33:23:3323 [[35mhttp[39m]: [35mGET /health[39m
2025-05-30 11:33:23:3323 [[35mhttp[39m]: [35mGET /health[39m
2025-05-30 11:33:23:3323 [[35mhttp[39m]: [35mGET /health[39m
2025-05-30 11:33:28:3328 [[35mhttp[39m]: [35mGET /health[39m
2025-05-30 11:33:28:3328 [[35mhttp[39m]: [35mGET /hello[39m
2025-05-30 11:33:28:3328 [[32minfo[39m]: [32mHello endpoint called[39m
2025-05-30 11:33:28:3328 [[35mhttp[39m]: [35mGET /health[39m
2025-05-30 11:33:28:3328 [[35mhttp[39m]: [35mGET /health[39m
2025-05-30 11:33:28:3328 [[35mhttp[39m]: [35mGET /health[39m
2025-05-30 11:33:28:3328 [[35mhttp[39m]: [35mGET /health[39m
2025-05-30 11:33:28:3328 [[35mhttp[39m]: [35mGET /hello[39m
2025-05-30 11:33:28:3328 [[32minfo[39m]: [32mHello endpoint called[39m
2025-05-30 11:33:28:3328 [[35mhttp[39m]: [35mGET /health[39m
2025-05-30 11:33:28:3328 [[35mhttp[39m]: [35mGET /health[39m
2025-05-30 11:33:28:3328 [[35mhttp[39m]: [35mGET /health[39m
2025-05-30 11:33:28:3328 [[35mhttp[39m]: [35mGET /health[39m
2025-05-30 11:33:28:3328 [[35mhttp[39m]: [35mGET /health[39m
2025-05-30 11:33:28:3328 [[35mhttp[39m]: [35mGET /routes-info[39m
2025-05-30 11:33:28:3328 [[32minfo[39m]: [32mRoutes info endpoint called[39m
2025-05-30 11:33:28:3328 [[35mhttp[39m]: [35mGET /health[39m
2025-05-30 11:33:28:3328 [[35mhttp[39m]: [35mGET /health[39m
2025-05-30 11:33:28:3328 [[35mhttp[39m]: [35mGET /health[39m
2025-05-30 11:33:33:3333 [[35mhttp[39m]: [35mGET /health[39m
2025-05-30 11:33:33:3333 [[35mhttp[39m]: [35mGET /hello[39m
2025-05-30 11:33:33:3333 [[32minfo[39m]: [32mHello endpoint called[39m
2025-05-30 11:33:33:3333 [[35mhttp[39m]: [35mGET /health[39m
2025-05-30 11:33:33:3333 [[35mhttp[39m]: [35mGET /health[39m
2025-05-30 11:33:33:3333 [[35mhttp[39m]: [35mGET /health[39m
2025-05-30 11:33:33:3333 [[35mhttp[39m]: [35mGET /health[39m
2025-05-30 11:33:33:3333 [[35mhttp[39m]: [35mGET /health[39m
2025-05-30 11:33:33:3333 [[35mhttp[39m]: [35mGET /hello[39m
2025-05-30 11:33:33:3333 [[32minfo[39m]: [32mHello endpoint called[39m
2025-05-30 11:33:33:3333 [[35mhttp[39m]: [35mGET /health[39m
2025-05-30 11:33:33:3333 [[35mhttp[39m]: [35mGET /health[39m
2025-05-30 11:33:33:3333 [[35mhttp[39m]: [35mGET /health[39m
2025-05-30 11:33:33:3333 [[35mhttp[39m]: [35mGET /health[39m
2025-05-30 11:33:33:3333 [[35mhttp[39m]: [35mGET /routes-info[39m
2025-05-30 11:33:33:3333 [[32minfo[39m]: [32mRoutes info endpoint called[39m
2025-05-30 11:33:33:3333 [[35mhttp[39m]: [35mGET /health[39m
2025-05-30 11:33:33:3333 [[35mhttp[39m]: [35mGET /health[39m
2025-05-30 11:33:33:3333 [[35mhttp[39m]: [35mGET /health[39m
2025-05-30 11:33:33:3333 [[35mhttp[39m]: [35mGET /health[39m
2025-05-30 11:33:34:3334 [[35mhttp[39m]: [35mGET /health[39m
2025-05-30 11:33:34:3334 [[35mhttp[39m]: [35mGET /hello[39m
2025-05-30 11:33:34:3334 [[32minfo[39m]: [32mHello endpoint called[39m
2025-05-30 11:33:34:3334 [[35mhttp[39m]: [35mGET /health[39m
2025-05-30 11:33:34:3334 [[35mhttp[39m]: [35mGET /health[39m
2025-05-30 11:33:34:3334 [[35mhttp[39m]: [35mGET /health[39m
2025-05-30 11:33:34:3334 [[35mhttp[39m]: [35mGET /health[39m
2025-05-30 11:33:34:3334 [[35mhttp[39m]: [35mGET /hello[39m
2025-05-30 11:33:34:3334 [[32minfo[39m]: [32mHello endpoint called[39m
2025-05-30 11:33:34:3334 [[35mhttp[39m]: [35mGET /health[39m
2025-05-30 11:33:34:3334 [[35mhttp[39m]: [35mGET /health[39m
2025-05-30 11:33:34:3334 [[35mhttp[39m]: [35mGET /health[39m
2025-05-30 11:33:38:3338 [[35mhttp[39m]: [35mGET /health[39m
2025-05-30 11:33:38:3338 [[35mhttp[39m]: [35mGET /routes-info[39m
2025-05-30 11:33:38:3338 [[32minfo[39m]: [32mRoutes info endpoint called[39m
2025-05-30 11:33:38:3338 [[35mhttp[39m]: [35mGET /health[39m
2025-05-30 11:33:38:3338 [[35mhttp[39m]: [35mGET /health[39m
2025-05-30 11:33:38:3338 [[35mhttp[39m]: [35mGET /health[39m
2025-05-30 11:33:39:3339 [[35mhttp[39m]: [35mGET /health[39m
2025-05-30 11:33:39:3339 [[35mhttp[39m]: [35mGET /hello[39m
2025-05-30 11:33:39:3339 [[32minfo[39m]: [32mHello endpoint called[39m
2025-05-30 11:33:39:3339 [[35mhttp[39m]: [35mGET /health[39m
2025-05-30 11:33:39:3339 [[35mhttp[39m]: [35mGET /health[39m
2025-05-30 11:33:39:3339 [[35mhttp[39m]: [35mGET /health[39m
2025-05-30 11:33:39:3339 [[35mhttp[39m]: [35mGET /health[39m
2025-05-30 11:33:39:3339 [[35mhttp[39m]: [35mGET /hello[39m
2025-05-30 11:33:39:3339 [[32minfo[39m]: [32mHello endpoint called[39m
2025-05-30 11:33:39:3339 [[35mhttp[39m]: [35mGET /health[39m
2025-05-30 11:33:39:3339 [[35mhttp[39m]: [35mGET /health[39m
2025-05-30 11:33:39:3339 [[35mhttp[39m]: [35mGET /health[39m
2025-05-30 11:33:43:3343 [[35mhttp[39m]: [35mGET /health[39m
2025-05-30 11:33:43:3343 [[35mhttp[39m]: [35mGET /routes-info[39m
2025-05-30 11:33:43:3343 [[32minfo[39m]: [32mRoutes info endpoint called[39m
2025-05-30 11:33:43:3343 [[35mhttp[39m]: [35mGET /health[39m
2025-05-30 11:33:43:3343 [[35mhttp[39m]: [35mGET /health[39m
2025-05-30 11:33:43:3343 [[35mhttp[39m]: [35mGET /health[39m
2025-05-30 11:33:44:3344 [[35mhttp[39m]: [35mGET /health[39m
2025-05-30 11:33:44:3344 [[35mhttp[39m]: [35mGET /hello[39m
2025-05-30 11:33:44:3344 [[32minfo[39m]: [32mHello endpoint called[39m
2025-05-30 11:33:44:3344 [[35mhttp[39m]: [35mGET /health[39m
2025-05-30 11:33:44:3344 [[35mhttp[39m]: [35mGET /health[39m
2025-05-30 11:33:44:3344 [[35mhttp[39m]: [35mGET /health[39m
2025-05-30 11:33:44:3344 [[35mhttp[39m]: [35mGET /health[39m
2025-05-30 11:33:44:3344 [[35mhttp[39m]: [35mGET /hello[39m
2025-05-30 11:33:44:3344 [[32minfo[39m]: [32mHello endpoint called[39m
2025-05-30 11:33:44:3344 [[35mhttp[39m]: [35mGET /health[39m
2025-05-30 11:33:44:3344 [[35mhttp[39m]: [35mGET /health[39m
2025-05-30 11:33:44:3344 [[35mhttp[39m]: [35mGET /health[39m
2025-05-30 11:33:48:3348 [[35mhttp[39m]: [35mGET /health[39m
2025-05-30 11:33:48:3348 [[35mhttp[39m]: [35mGET /routes-info[39m
2025-05-30 11:33:48:3348 [[32minfo[39m]: [32mRoutes info endpoint called[39m
2025-05-30 11:33:48:3348 [[35mhttp[39m]: [35mGET /health[39m
2025-05-30 11:33:48:3348 [[35mhttp[39m]: [35mGET /health[39m
2025-05-30 11:33:48:3348 [[35mhttp[39m]: [35mGET /health[39m
2025-05-30 11:33:49:3349 [[35mhttp[39m]: [35mGET /health[39m
2025-05-30 11:33:49:3349 [[35mhttp[39m]: [35mGET /hello[39m
2025-05-30 11:33:49:3349 [[32minfo[39m]: [32mHello endpoint called[39m
2025-05-30 11:33:49:3349 [[35mhttp[39m]: [35mGET /health[39m
2025-05-30 11:33:49:3349 [[35mhttp[39m]: [35mGET /health[39m
2025-05-30 11:33:49:3349 [[35mhttp[39m]: [35mGET /health[39m
2025-05-30 11:33:49:3349 [[35mhttp[39m]: [35mGET /health[39m
2025-05-30 11:33:49:3349 [[35mhttp[39m]: [35mGET /hello[39m
2025-05-30 11:33:49:3349 [[32minfo[39m]: [32mHello endpoint called[39m
2025-05-30 11:33:49:3349 [[35mhttp[39m]: [35mGET /health[39m
2025-05-30 11:33:49:3349 [[35mhttp[39m]: [35mGET /health[39m
2025-05-30 11:33:49:3349 [[35mhttp[39m]: [35mGET /health[39m
2025-05-30 11:34:13:3413 [[35mhttp[39m]: [35mGET /hello[39m
2025-05-30 11:34:13:3413 [[32minfo[39m]: [32mHello endpoint called[39m
2025-05-30 11:34:13:3413 [[35mhttp[39m]: [35mGET /hello[39m
2025-05-30 11:34:13:3413 [[32minfo[39m]: [32mHello endpoint called[39m
2025-05-30 11:34:13:3413 [[35mhttp[39m]: [35mGET /hello[39m
2025-05-30 11:34:13:3413 [[32minfo[39m]: [32mHello endpoint called[39m
2025-05-30 11:34:18:3418 [[35mhttp[39m]: [35mGET /hello[39m
2025-05-30 11:34:18:3418 [[32minfo[39m]: [32mHello endpoint called[39m
2025-05-30 11:34:26:3426 [[35mhttp[39m]: [35mGET /hello[39m
2025-05-30 11:34:26:3426 [[32minfo[39m]: [32mHello endpoint called[39m
2025-05-30 11:34:28:3428 [[35mhttp[39m]: [35mGET /auth-test[39m
2025-05-30 11:34:28:3428 [[32minfo[39m]: [32mAuth test endpoint called[39m
2025-05-30 11:34:29:3429 [[35mhttp[39m]: [35mGET /routes-info[39m
2025-05-30 11:34:29:3429 [[32minfo[39m]: [32mRoutes info endpoint called[39m
2025-05-30 11:35:05:355 [[35mhttp[39m]: [35mPOST /test-register[39m
2025-05-30 11:35:05:355 [[32minfo[39m]: [32mTest registration endpoint called[39m
2025-05-30 11:35:05:355 [[32minfo[39m]: [32mRequest body: {"firstName":"Teste","lastName":"Teste","email":"teste@gmail.com","password":"ola123","phoneNumber":"963948826","address":"Portugal","userTypes":"student","nationality":"Portugues","gender":"Masculino"}[39m
2025-05-30 11:35:14:3514 [[35mhttp[39m]: [35mPOST /test-register[39m
2025-05-30 11:35:14:3514 [[32minfo[39m]: [32mTest registration endpoint called[39m
2025-05-30 11:35:14:3514 [[32minfo[39m]: [32mRequest body: {"firstName":"Teste","lastName":"Teste","email":"teste@gmail.com","password":"ola123","phoneNumber":"963948826","address":"Portugal","userTypes":"student","nationality":"Portugues","gender":"Masculino"}[39m
2025-05-30 11:39:09:399 [[35mhttp[39m]: [35mPOST /test-register[39m
2025-05-30 11:39:09:399 [[32minfo[39m]: [32mTest registration endpoint called[39m
2025-05-30 11:39:09:399 [[32minfo[39m]: [32mRequest body: {"firstName":"Teste","lastName":"Teste","email":"teste@gmail.com","password":"ola123","phoneNumber":"964089924","address":"Portugal","userTypes":"student","nationality":"Portugues","gender":"Masculino"}[39m
2025-05-30 11:39:25:3925 [[35mhttp[39m]: [35mGET /hello[39m
2025-05-30 11:39:25:3925 [[32minfo[39m]: [32mHello endpoint called[39m
2025-05-30 11:39:25:3925 [[35mhttp[39m]: [35mGET /hello[39m
2025-05-30 11:39:25:3925 [[32minfo[39m]: [32mHello endpoint called[39m
2025-05-30 11:39:25:3925 [[35mhttp[39m]: [35mGET /hello[39m
2025-05-30 11:39:25:3925 [[32minfo[39m]: [32mHello endpoint called[39m
2025-05-30 11:39:30:3930 [[35mhttp[39m]: [35mGET /hello[39m
2025-05-30 11:39:30:3930 [[32minfo[39m]: [32mHello endpoint called[39m
2025-05-30 11:39:30:3930 [[35mhttp[39m]: [35mGET /hello[39m
2025-05-30 11:39:30:3930 [[32minfo[39m]: [32mHello endpoint called[39m
2025-05-30 11:39:32:3932 [[35mhttp[39m]: [35mGET /hello[39m
2025-05-30 11:39:32:3932 [[32minfo[39m]: [32mHello endpoint called[39m
2025-05-30 11:39:33:3933 [[35mhttp[39m]: [35mGET /auth-test[39m
2025-05-30 11:39:33:3933 [[32minfo[39m]: [32mAuth test endpoint called[39m
2025-05-30 11:39:33:3933 [[35mhttp[39m]: [35mGET /routes-info[39m
2025-05-30 11:39:33:3933 [[32minfo[39m]: [32mRoutes info endpoint called[39m
2025-05-30 11:39:35:3935 [[35mhttp[39m]: [35mPOST /test-register[39m
2025-05-30 11:39:35:3935 [[32minfo[39m]: [32mTest registration endpoint called[39m
2025-05-30 11:39:35:3935 [[32minfo[39m]: [32mRequest body: {"firstName":"Teste","lastName":"Teste","email":"teste@gmail.com","password":"ola123","phoneNumber":"964089924","address":"Portugal","userTypes":"student","nationality":"Portugues","gender":"Masculino"}[39m
2025-05-30 11:40:47:4047 [[35mhttp[39m]: [35mPOST /test-register[39m
2025-05-30 11:40:47:4047 [[32minfo[39m]: [32mTest registration endpoint called[39m
2025-05-30 11:40:47:4047 [[32minfo[39m]: [32mRequest body: {"firstName":"Teste","lastName":"Teste","email":"teste@gmail.com","password":"ola123","phoneNumber":"964089924","address":"Portugal","userTypes":"student","nationality":"Portugues","gender":"Masculino"}[39m
2025-05-30 11:41:11:4111 [[35mhttp[39m]: [35mPOST /test-register[39m
2025-05-30 11:41:11:4111 [[32minfo[39m]: [32mTest registration endpoint called[39m
2025-05-30 11:41:11:4111 [[32minfo[39m]: [32mRequest body: {"firstName":"Teste","lastName":"Teste","email":"teste@gmail.com","password":"ola123","phoneNumber":"964089924","address":"Portugal","userTypes":"student","nationality":"Portugues","gender":"Masculino"}[39m
2025-05-30 11:53:10:5310 [[35mhttp[39m]: [35mGET /hello[39m
2025-05-30 11:53:10:5310 [[32minfo[39m]: [32mHello endpoint called[39m
2025-05-30 11:53:12:5312 [[35mhttp[39m]: [35mGET /hello[39m
2025-05-30 11:53:12:5312 [[32minfo[39m]: [32mHello endpoint called[39m
2025-05-30 11:53:44:5344 [[35mhttp[39m]: [35mPOST /api/auth/register[39m
2025-05-30 11:53:44:5344 [[34mdebug[39m]: [34mExecuting query: SELECT * FROM Users WHERE email = ? with params: ["teste@gmail.com"][39m
2025-05-30 11:53:44:5344 [[32minfo[39m]: [32mNew connection established to database[39m
2025-05-30 11:53:44:5344 [[34mdebug[39m]: [34mDatabase connection acquired from pool[39m
2025-05-30 11:53:45:5345 [[34mdebug[39m]: [34mDatabase connection released back to pool[39m
2025-05-30 11:53:45:5345 [[31merror[39m]: [31mDatabase query error: Table 'oxiyveey_eat2speak.Users' doesn't exist[39m
2025-05-30 11:53:45:5345 [[31merror[39m]: [31mError finding user by email teste@gmail.com: Table 'oxiyveey_eat2speak.Users' doesn't exist[39m
2025-05-30 11:53:45:5345 [[31merror[39m]: [31mRegistration error: Table 'oxiyveey_eat2speak.Users' doesn't exist[39m
2025-05-30 11:54:48:5448 [[35mhttp[39m]: [35mPOST /api/auth/register[39m
2025-05-30 11:54:48:5448 [[34mdebug[39m]: [34mExecuting query: SELECT * FROM users WHERE email = ? with params: ["teste@gmail.com"][39m
2025-05-30 11:54:48:5448 [[34mdebug[39m]: [34mDatabase connection acquired from pool[39m
2025-05-30 11:54:49:5449 [[34mdebug[39m]: [34mDatabase connection released back to pool[39m
2025-05-30 11:54:49:5449 [[31merror[39m]: [31mDatabase query error: Table 'oxiyveey_eat2speak.users' doesn't exist[39m
2025-05-30 11:54:49:5449 [[31merror[39m]: [31mError finding user by email teste@gmail.com: Table 'oxiyveey_eat2speak.users' doesn't exist[39m
2025-05-30 11:54:49:5449 [[31merror[39m]: [31mRegistration error: Table 'oxiyveey_eat2speak.users' doesn't exist[39m
2025-05-30 11:56:05:565 [[35mhttp[39m]: [35mPOST /api/auth/register[39m
2025-05-30 11:56:05:565 [[34mdebug[39m]: [34mExecuting query: SELECT * FROM users WHERE email = ? with params: ["teste@gmail.com"][39m
2025-05-30 11:56:05:565 [[34mdebug[39m]: [34mDatabase connection acquired from pool[39m
2025-05-30 11:56:05:565 [[34mdebug[39m]: [34mDatabase connection released back to pool[39m
2025-05-30 11:56:05:565 [[31merror[39m]: [31mDatabase query error: Table 'oxiyveey_eat2speak.users' doesn't exist[39m
2025-05-30 11:56:05:565 [[31merror[39m]: [31mError finding user by email teste@gmail.com: Table 'oxiyveey_eat2speak.users' doesn't exist[39m
2025-05-30 11:56:05:565 [[31merror[39m]: [31mRegistration error: Table 'oxiyveey_eat2speak.users' doesn't exist[39m
2025-05-30 11:56:22:5622 [[35mhttp[39m]: [35mPOST /api/auth/register[39m
2025-05-30 11:56:22:5622 [[34mdebug[39m]: [34mExecuting query: SELECT * FROM users WHERE email = ? with params: ["teste@gmail.com"][39m
2025-05-30 11:56:22:5622 [[34mdebug[39m]: [34mDatabase connection acquired from pool[39m
2025-05-30 11:56:23:5623 [[34mdebug[39m]: [34mDatabase connection released back to pool[39m
2025-05-30 11:56:23:5623 [[31merror[39m]: [31mDatabase query error: Table 'oxiyveey_eat2speak.users' doesn't exist[39m
2025-05-30 11:56:23:5623 [[31merror[39m]: [31mError finding user by email teste@gmail.com: Table 'oxiyveey_eat2speak.users' doesn't exist[39m
2025-05-30 11:56:23:5623 [[31merror[39m]: [31mRegistration error: Table 'oxiyveey_eat2speak.users' doesn't exist[39m
2025-05-30 11:57:13:5713 [[35mhttp[39m]: [35mGET /hello[39m
2025-05-30 11:57:13:5713 [[32minfo[39m]: [32mHello endpoint called[39m
2025-05-30 11:57:16:5716 [[35mhttp[39m]: [35mGET /hello[39m
2025-05-30 11:57:16:5716 [[32minfo[39m]: [32mHello endpoint called[39m
