Ignoring invalid timezone passed to Connection: Etc/GMT-2. This is currently a warning, but in future versions of MySQL2, an error will be thrown if you pass an invalid configuration option to a Connection
ValidationError: The 'X-Forwarded-For' header is set but the Express 'trust proxy' setting is false (default). This could indicate a misconfiguration which would prevent express-rate-limit from accurately identifying users. See https://express-rate-limit.github.io/ERR_ERL_UNEXPECTED_X_FORWARDED_FOR/ for more information.
    at Object.xForwardedForHeader (/home/oxiyveey/public_html/eat2speak/node_modules/express-rate-limit/dist/index.cjs:187:13)
    at wrappedValidations.<computed> [as xForwardedForHeader] (/home/oxiyveey/public_html/eat2speak/node_modules/express-rate-limit/dist/index.cjs:398:22)
    at Object.keyGenerator (/home/oxiyveey/public_html/eat2speak/node_modules/express-rate-limit/dist/index.cjs:671:20)
    at /home/oxiyveey/public_html/eat2speak/node_modules/express-rate-limit/dist/index.cjs:724:32
    at process.processTicksAndRejections (node:internal/process/task_queues:95:5)
    at async /home/oxiyveey/public_html/eat2speak/node_modules/express-rate-limit/dist/index.cjs:704:5 {
  code: 'ERR_ERL_UNEXPECTED_X_FORWARDED_FOR',
  help: 'https://express-rate-limit.github.io/ERR_ERL_UNEXPECTED_X_FORWARDED_FOR/'
}
Ignoring invalid timezone passed to Connection: Etc/GMT-2. This is currently a warning, but in future versions of MySQL2, an error will be thrown if you pass an invalid configuration option to a Connection
Ignoring invalid timezone passed to Connection: Etc/GMT-2. This is currently a warning, but in future versions of MySQL2, an error will be thrown if you pass an invalid configuration option to a Connection
Ignoring invalid timezone passed to Connection: Etc/GMT-2. This is currently a warning, but in future versions of MySQL2, an error will be thrown if you pass an invalid configuration option to a Connection
ValidationError: The 'X-Forwarded-For' header is set but the Express 'trust proxy' setting is false (default). This could indicate a misconfiguration which would prevent express-rate-limit from accurately identifying users. See https://express-rate-limit.github.io/ERR_ERL_UNEXPECTED_X_FORWARDED_FOR/ for more information.
    at Object.xForwardedForHeader (/home/oxiyveey/public_html/eat2speak/node_modules/express-rate-limit/dist/index.cjs:187:13)
    at wrappedValidations.<computed> [as xForwardedForHeader] (/home/oxiyveey/public_html/eat2speak/node_modules/express-rate-limit/dist/index.cjs:398:22)
    at Object.keyGenerator (/home/oxiyveey/public_html/eat2speak/node_modules/express-rate-limit/dist/index.cjs:671:20)
    at /home/oxiyveey/public_html/eat2speak/node_modules/express-rate-limit/dist/index.cjs:724:32
    at process.processTicksAndRejections (node:internal/process/task_queues:95:5)
    at async /home/oxiyveey/public_html/eat2speak/node_modules/express-rate-limit/dist/index.cjs:704:5 {
  code: 'ERR_ERL_UNEXPECTED_X_FORWARDED_FOR',
  help: 'https://express-rate-limit.github.io/ERR_ERL_UNEXPECTED_X_FORWARDED_FOR/'
}
Ignoring invalid timezone passed to Connection: Etc/GMT-2. This is currently a warning, but in future versions of MySQL2, an error will be thrown if you pass an invalid configuration option to a Connection
Ignoring invalid timezone passed to Connection: Etc/GMT-2. This is currently a warning, but in future versions of MySQL2, an error will be thrown if you pass an invalid configuration option to a Connection
Ignoring invalid timezone passed to Connection: Etc/GMT-2. This is currently a warning, but in future versions of MySQL2, an error will be thrown if you pass an invalid configuration option to a Connection
ValidationError: The 'X-Forwarded-For' header is set but the Express 'trust proxy' setting is false (default). This could indicate a misconfiguration which would prevent express-rate-limit from accurately identifying users. See https://express-rate-limit.github.io/ERR_ERL_UNEXPECTED_X_FORWARDED_FOR/ for more information.
    at Object.xForwardedForHeader (/home/oxiyveey/public_html/eat2speak/node_modules/express-rate-limit/dist/index.cjs:187:13)
    at wrappedValidations.<computed> [as xForwardedForHeader] (/home/oxiyveey/public_html/eat2speak/node_modules/express-rate-limit/dist/index.cjs:398:22)
    at Object.keyGenerator (/home/oxiyveey/public_html/eat2speak/node_modules/express-rate-limit/dist/index.cjs:671:20)
    at /home/oxiyveey/public_html/eat2speak/node_modules/express-rate-limit/dist/index.cjs:724:32
    at process.processTicksAndRejections (node:internal/process/task_queues:95:5)
    at async /home/oxiyveey/public_html/eat2speak/node_modules/express-rate-limit/dist/index.cjs:704:5 {
  code: 'ERR_ERL_UNEXPECTED_X_FORWARDED_FOR',
  help: 'https://express-rate-limit.github.io/ERR_ERL_UNEXPECTED_X_FORWARDED_FOR/'
}
Ignoring invalid timezone passed to Connection: Etc/GMT-2. This is currently a warning, but in future versions of MySQL2, an error will be thrown if you pass an invalid configuration option to a Connection
Ignoring invalid timezone passed to Connection: Etc/GMT-2. This is currently a warning, but in future versions of MySQL2, an error will be thrown if you pass an invalid configuration option to a Connection
Ignoring invalid timezone passed to Connection: Etc/GMT-2. This is currently a warning, but in future versions of MySQL2, an error will be thrown if you pass an invalid configuration option to a Connection
ValidationError: The 'X-Forwarded-For' header is set but the Express 'trust proxy' setting is false (default). This could indicate a misconfiguration which would prevent express-rate-limit from accurately identifying users. See https://express-rate-limit.github.io/ERR_ERL_UNEXPECTED_X_FORWARDED_FOR/ for more information.
    at Object.xForwardedForHeader (/home/oxiyveey/public_html/eat2speak/node_modules/express-rate-limit/dist/index.cjs:187:13)
    at wrappedValidations.<computed> [as xForwardedForHeader] (/home/oxiyveey/public_html/eat2speak/node_modules/express-rate-limit/dist/index.cjs:398:22)
    at Object.keyGenerator (/home/oxiyveey/public_html/eat2speak/node_modules/express-rate-limit/dist/index.cjs:671:20)
    at /home/oxiyveey/public_html/eat2speak/node_modules/express-rate-limit/dist/index.cjs:724:32
    at async /home/oxiyveey/public_html/eat2speak/node_modules/express-rate-limit/dist/index.cjs:704:5 {
  code: 'ERR_ERL_UNEXPECTED_X_FORWARDED_FOR',
  help: 'https://express-rate-limit.github.io/ERR_ERL_UNEXPECTED_X_FORWARDED_FOR/'
}
Ignoring invalid timezone passed to Connection: Etc/GMT-2. This is currently a warning, but in future versions of MySQL2, an error will be thrown if you pass an invalid configuration option to a Connection
Ignoring invalid timezone passed to Connection: Etc/GMT-2. This is currently a warning, but in future versions of MySQL2, an error will be thrown if you pass an invalid configuration option to a Connection
Ignoring invalid timezone passed to Connection: Etc/GMT-2. This is currently a warning, but in future versions of MySQL2, an error will be thrown if you pass an invalid configuration option to a Connection
Ignoring invalid timezone passed to Connection: Etc/GMT-2. This is currently a warning, but in future versions of MySQL2, an error will be thrown if you pass an invalid configuration option to a Connection
Ignoring invalid timezone passed to Connection: Etc/GMT-2. This is currently a warning, but in future versions of MySQL2, an error will be thrown if you pass an invalid configuration option to a Connection
Ignoring invalid timezone passed to Connection: Etc/GMT-2. This is currently a warning, but in future versions of MySQL2, an error will be thrown if you pass an invalid configuration option to a Connection
Ignoring invalid timezone passed to Connection: Etc/GMT-2. This is currently a warning, but in future versions of MySQL2, an error will be thrown if you pass an invalid configuration option to a Connection
Ignoring invalid timezone passed to Connection: Etc/GMT-2. This is currently a warning, but in future versions of MySQL2, an error will be thrown if you pass an invalid configuration option to a Connection
Ignoring invalid timezone passed to Connection: Etc/GMT-2. This is currently a warning, but in future versions of MySQL2, an error will be thrown if you pass an invalid configuration option to a Connection
ValidationError: The 'X-Forwarded-For' header is set but the Express 'trust proxy' setting is false (default). This could indicate a misconfiguration which would prevent express-rate-limit from accurately identifying users. See https://express-rate-limit.github.io/ERR_ERL_UNEXPECTED_X_FORWARDED_FOR/ for more information.
    at Object.xForwardedForHeader (/home/oxiyveey/public_html/eat2speak/node_modules/express-rate-limit/dist/index.cjs:187:13)
    at wrappedValidations.<computed> [as xForwardedForHeader] (/home/oxiyveey/public_html/eat2speak/node_modules/express-rate-limit/dist/index.cjs:398:22)
    at Object.keyGenerator (/home/oxiyveey/public_html/eat2speak/node_modules/express-rate-limit/dist/index.cjs:671:20)
    at /home/oxiyveey/public_html/eat2speak/node_modules/express-rate-limit/dist/index.cjs:724:32
    at process.processTicksAndRejections (node:internal/process/task_queues:95:5)
    at async /home/oxiyveey/public_html/eat2speak/node_modules/express-rate-limit/dist/index.cjs:704:5 {
  code: 'ERR_ERL_UNEXPECTED_X_FORWARDED_FOR',
  help: 'https://express-rate-limit.github.io/ERR_ERL_UNEXPECTED_X_FORWARDED_FOR/'
}
Ignoring invalid timezone passed to Connection: Etc/GMT-2. This is currently a warning, but in future versions of MySQL2, an error will be thrown if you pass an invalid configuration option to a Connection
Ignoring invalid timezone passed to Connection: Etc/GMT-2. This is currently a warning, but in future versions of MySQL2, an error will be thrown if you pass an invalid configuration option to a Connection
Ignoring invalid timezone passed to Connection: Etc/GMT-2. This is currently a warning, but in future versions of MySQL2, an error will be thrown if you pass an invalid configuration option to a Connection
ValidationError: The 'X-Forwarded-For' header is set but the Express 'trust proxy' setting is false (default). This could indicate a misconfiguration which would prevent express-rate-limit from accurately identifying users. See https://express-rate-limit.github.io/ERR_ERL_UNEXPECTED_X_FORWARDED_FOR/ for more information.
    at Object.xForwardedForHeader (/home/oxiyveey/public_html/eat2speak/node_modules/express-rate-limit/dist/index.cjs:187:13)
    at wrappedValidations.<computed> [as xForwardedForHeader] (/home/oxiyveey/public_html/eat2speak/node_modules/express-rate-limit/dist/index.cjs:398:22)
    at Object.keyGenerator (/home/oxiyveey/public_html/eat2speak/node_modules/express-rate-limit/dist/index.cjs:671:20)
    at /home/oxiyveey/public_html/eat2speak/node_modules/express-rate-limit/dist/index.cjs:724:32
    at async /home/oxiyveey/public_html/eat2speak/node_modules/express-rate-limit/dist/index.cjs:704:5 {
  code: 'ERR_ERL_UNEXPECTED_X_FORWARDED_FOR',
  help: 'https://express-rate-limit.github.io/ERR_ERL_UNEXPECTED_X_FORWARDED_FOR/'
}
Ignoring invalid timezone passed to Connection: Etc/GMT-2. This is currently a warning, but in future versions of MySQL2, an error will be thrown if you pass an invalid configuration option to a Connection
Ignoring invalid timezone passed to Connection: Etc/GMT-2. This is currently a warning, but in future versions of MySQL2, an error will be thrown if you pass an invalid configuration option to a Connection
Ignoring invalid timezone passed to Connection: Etc/GMT-2. This is currently a warning, but in future versions of MySQL2, an error will be thrown if you pass an invalid configuration option to a Connection
Ignoring invalid timezone passed to Connection: Etc/GMT-2. This is currently a warning, but in future versions of MySQL2, an error will be thrown if you pass an invalid configuration option to a Connection
ValidationError: The 'X-Forwarded-For' header is set but the Express 'trust proxy' setting is false (default). This could indicate a misconfiguration which would prevent express-rate-limit from accurately identifying users. See https://express-rate-limit.github.io/ERR_ERL_UNEXPECTED_X_FORWARDED_FOR/ for more information.
    at Object.xForwardedForHeader (/home/oxiyveey/public_html/eat2speak/node_modules/express-rate-limit/dist/index.cjs:187:13)
    at wrappedValidations.<computed> [as xForwardedForHeader] (/home/oxiyveey/public_html/eat2speak/node_modules/express-rate-limit/dist/index.cjs:398:22)
    at Object.keyGenerator (/home/oxiyveey/public_html/eat2speak/node_modules/express-rate-limit/dist/index.cjs:671:20)
    at /home/oxiyveey/public_html/eat2speak/node_modules/express-rate-limit/dist/index.cjs:724:32
    at process.processTicksAndRejections (node:internal/process/task_queues:95:5)
    at async /home/oxiyveey/public_html/eat2speak/node_modules/express-rate-limit/dist/index.cjs:704:5 {
  code: 'ERR_ERL_UNEXPECTED_X_FORWARDED_FOR',
  help: 'https://express-rate-limit.github.io/ERR_ERL_UNEXPECTED_X_FORWARDED_FOR/'
}
Ignoring invalid timezone passed to Connection: Etc/GMT-2. This is currently a warning, but in future versions of MySQL2, an error will be thrown if you pass an invalid configuration option to a Connection
Ignoring invalid timezone passed to Connection: Etc/GMT-2. This is currently a warning, but in future versions of MySQL2, an error will be thrown if you pass an invalid configuration option to a Connection
Ignoring invalid timezone passed to Connection: Etc/GMT-2. This is currently a warning, but in future versions of MySQL2, an error will be thrown if you pass an invalid configuration option to a Connection
ValidationError: The 'X-Forwarded-For' header is set but the Express 'trust proxy' setting is false (default). This could indicate a misconfiguration which would prevent express-rate-limit from accurately identifying users. See https://express-rate-limit.github.io/ERR_ERL_UNEXPECTED_X_FORWARDED_FOR/ for more information.
    at Object.xForwardedForHeader (/home/oxiyveey/public_html/eat2speak/node_modules/express-rate-limit/dist/index.cjs:187:13)
    at wrappedValidations.<computed> [as xForwardedForHeader] (/home/oxiyveey/public_html/eat2speak/node_modules/express-rate-limit/dist/index.cjs:398:22)
    at Object.keyGenerator (/home/oxiyveey/public_html/eat2speak/node_modules/express-rate-limit/dist/index.cjs:671:20)
    at /home/oxiyveey/public_html/eat2speak/node_modules/express-rate-limit/dist/index.cjs:724:32
    at process.processTicksAndRejections (node:internal/process/task_queues:95:5)
    at async /home/oxiyveey/public_html/eat2speak/node_modules/express-rate-limit/dist/index.cjs:704:5 {
  code: 'ERR_ERL_UNEXPECTED_X_FORWARDED_FOR',
  help: 'https://express-rate-limit.github.io/ERR_ERL_UNEXPECTED_X_FORWARDED_FOR/'
}
Ignoring invalid timezone passed to Connection: Etc/GMT-2. This is currently a warning, but in future versions of MySQL2, an error will be thrown if you pass an invalid configuration option to a Connection
Ignoring invalid timezone passed to Connection: Etc/GMT-2. This is currently a warning, but in future versions of MySQL2, an error will be thrown if you pass an invalid configuration option to a Connection
Ignoring invalid timezone passed to Connection: Etc/GMT-2. This is currently a warning, but in future versions of MySQL2, an error will be thrown if you pass an invalid configuration option to a Connection
Ignoring invalid timezone passed to Connection: Etc/GMT-2. This is currently a warning, but in future versions of MySQL2, an error will be thrown if you pass an invalid configuration option to a Connection
ValidationError: The 'X-Forwarded-For' header is set but the Express 'trust proxy' setting is false (default). This could indicate a misconfiguration which would prevent express-rate-limit from accurately identifying users. See https://express-rate-limit.github.io/ERR_ERL_UNEXPECTED_X_FORWARDED_FOR/ for more information.
    at Object.xForwardedForHeader (/home/oxiyveey/public_html/eat2speak/node_modules/express-rate-limit/dist/index.cjs:187:13)
    at wrappedValidations.<computed> [as xForwardedForHeader] (/home/oxiyveey/public_html/eat2speak/node_modules/express-rate-limit/dist/index.cjs:398:22)
    at Object.keyGenerator (/home/oxiyveey/public_html/eat2speak/node_modules/express-rate-limit/dist/index.cjs:671:20)
    at /home/oxiyveey/public_html/eat2speak/node_modules/express-rate-limit/dist/index.cjs:724:32
    at process.processTicksAndRejections (node:internal/process/task_queues:95:5)
    at async /home/oxiyveey/public_html/eat2speak/node_modules/express-rate-limit/dist/index.cjs:704:5 {
  code: 'ERR_ERL_UNEXPECTED_X_FORWARDED_FOR',
  help: 'https://express-rate-limit.github.io/ERR_ERL_UNEXPECTED_X_FORWARDED_FOR/'
}
Ignoring invalid timezone passed to Connection: Etc/GMT-2. This is currently a warning, but in future versions of MySQL2, an error will be thrown if you pass an invalid configuration option to a Connection
Ignoring invalid timezone passed to Connection: Etc/GMT-2. This is currently a warning, but in future versions of MySQL2, an error will be thrown if you pass an invalid configuration option to a Connection
Ignoring invalid timezone passed to Connection: Etc/GMT-2. This is currently a warning, but in future versions of MySQL2, an error will be thrown if you pass an invalid configuration option to a Connection
Ignoring invalid timezone passed to Connection: Etc/GMT-2. This is currently a warning, but in future versions of MySQL2, an error will be thrown if you pass an invalid configuration option to a Connection
Ignoring invalid timezone passed to Connection: Etc/GMT-2. This is currently a warning, but in future versions of MySQL2, an error will be thrown if you pass an invalid configuration option to a Connection
